Archive member included to satisfy reference by file (symbol)

c:/program files (x86)/gnu arm embedded toolchain/10 2021.10/bin/../lib/gcc/arm-none-eabi/10.3.1/../../../../arm-none-eabi/lib/thumb/v7e-m+fp/hard\libc_nano.a(lib_a-exit.o)
                              c:/program files (x86)/gnu arm embedded toolchain/10 2021.10/bin/../lib/gcc/arm-none-eabi/10.3.1/../../../../arm-none-eabi/lib/thumb/v7e-m+fp/hard/crt0.o (exit)
c:/program files (x86)/gnu arm embedded toolchain/10 2021.10/bin/../lib/gcc/arm-none-eabi/10.3.1/../../../../arm-none-eabi/lib/thumb/v7e-m+fp/hard\libc_nano.a(lib_a-impure.o)
                              c:/program files (x86)/gnu arm embedded toolchain/10 2021.10/bin/../lib/gcc/arm-none-eabi/10.3.1/../../../../arm-none-eabi/lib/thumb/v7e-m+fp/hard\libc_nano.a(lib_a-exit.o) (_global_impure_ptr)
c:/program files (x86)/gnu arm embedded toolchain/10 2021.10/bin/../lib/gcc/arm-none-eabi/10.3.1/../../../../arm-none-eabi/lib/thumb/v7e-m+fp/hard\libc_nano.a(lib_a-init.o)
                              c:/program files (x86)/gnu arm embedded toolchain/10 2021.10/bin/../lib/gcc/arm-none-eabi/10.3.1/../../../../arm-none-eabi/lib/thumb/v7e-m+fp/hard/crt0.o (__libc_init_array)
c:/program files (x86)/gnu arm embedded toolchain/10 2021.10/bin/../lib/gcc/arm-none-eabi/10.3.1/../../../../arm-none-eabi/lib/thumb/v7e-m+fp/hard\libc_nano.a(lib_a-memcpy-stub.o)
                              _build/nrf52832_xxaa/queue.c.o (memcpy)
c:/program files (x86)/gnu arm embedded toolchain/10 2021.10/bin/../lib/gcc/arm-none-eabi/10.3.1/../../../../arm-none-eabi/lib/thumb/v7e-m+fp/hard\libc_nano.a(lib_a-memset.o)
                              c:/program files (x86)/gnu arm embedded toolchain/10 2021.10/bin/../lib/gcc/arm-none-eabi/10.3.1/../../../../arm-none-eabi/lib/thumb/v7e-m+fp/hard/crt0.o (memset)
c:/program files (x86)/gnu arm embedded toolchain/10 2021.10/bin/../lib/gcc/arm-none-eabi/10.3.1/../../../../arm-none-eabi/lib/thumb/v7e-m+fp/hard\libc_nano.a(lib_a-strlen.o)
                              _build/nrf52832_xxaa/nrf_fprintf_format.c.o (strlen)
c:/program files (x86)/gnu arm embedded toolchain/10 2021.10/bin/../lib/gcc/arm-none-eabi/10.3.1/../../../../arm-none-eabi/lib/thumb/v7e-m+fp/hard\libnosys.a(_exit.o)
                              c:/program files (x86)/gnu arm embedded toolchain/10 2021.10/bin/../lib/gcc/arm-none-eabi/10.3.1/../../../../arm-none-eabi/lib/thumb/v7e-m+fp/hard\libc_nano.a(lib_a-exit.o) (_exit)

Discarded input sections

 .text          0x00000000        0x0 c:/program files (x86)/gnu arm embedded toolchain/10 2021.10/bin/../lib/gcc/arm-none-eabi/10.3.1/thumb/v7e-m+fp/hard/crti.o
 .data          0x00000000        0x0 c:/program files (x86)/gnu arm embedded toolchain/10 2021.10/bin/../lib/gcc/arm-none-eabi/10.3.1/thumb/v7e-m+fp/hard/crti.o
 .bss           0x00000000        0x0 c:/program files (x86)/gnu arm embedded toolchain/10 2021.10/bin/../lib/gcc/arm-none-eabi/10.3.1/thumb/v7e-m+fp/hard/crti.o
 .data          0x00000000        0x4 c:/program files (x86)/gnu arm embedded toolchain/10 2021.10/bin/../lib/gcc/arm-none-eabi/10.3.1/thumb/v7e-m+fp/hard/crtbegin.o
 .rodata        0x00000000       0x24 c:/program files (x86)/gnu arm embedded toolchain/10 2021.10/bin/../lib/gcc/arm-none-eabi/10.3.1/thumb/v7e-m+fp/hard/crtbegin.o
 .data          0x00000000        0x0 c:/program files (x86)/gnu arm embedded toolchain/10 2021.10/bin/../lib/gcc/arm-none-eabi/10.3.1/../../../../arm-none-eabi/lib/thumb/v7e-m+fp/hard/crt0.o
 .bss           0x00000000        0x0 c:/program files (x86)/gnu arm embedded toolchain/10 2021.10/bin/../lib/gcc/arm-none-eabi/10.3.1/../../../../arm-none-eabi/lib/thumb/v7e-m+fp/hard/crt0.o
 .ARM.extab     0x00000000        0x0 c:/program files (x86)/gnu arm embedded toolchain/10 2021.10/bin/../lib/gcc/arm-none-eabi/10.3.1/../../../../arm-none-eabi/lib/thumb/v7e-m+fp/hard/crt0.o
 .data          0x00000000        0x0 _build/nrf52832_xxaa/gcc_startup_nrf52.S.o
 .bss           0x00000000        0x0 _build/nrf52832_xxaa/gcc_startup_nrf52.S.o
 .group         0x00000000        0xc _build/nrf52832_xxaa/nrf_log_frontend.c.o
 .group         0x00000000        0xc _build/nrf52832_xxaa/nrf_log_frontend.c.o
 .group         0x00000000        0xc _build/nrf52832_xxaa/nrf_log_frontend.c.o
 .group         0x00000000        0xc _build/nrf52832_xxaa/nrf_log_frontend.c.o
 .group         0x00000000        0xc _build/nrf52832_xxaa/nrf_log_frontend.c.o
 .group         0x00000000        0xc _build/nrf52832_xxaa/nrf_log_frontend.c.o
 .group         0x00000000        0xc _build/nrf52832_xxaa/nrf_log_frontend.c.o
 .group         0x00000000        0xc _build/nrf52832_xxaa/nrf_log_frontend.c.o
 .group         0x00000000        0xc _build/nrf52832_xxaa/nrf_log_frontend.c.o
 .group         0x00000000        0xc _build/nrf52832_xxaa/nrf_log_frontend.c.o
 .group         0x00000000        0xc _build/nrf52832_xxaa/nrf_log_frontend.c.o
 .group         0x00000000        0xc _build/nrf52832_xxaa/nrf_log_frontend.c.o
[...]
Memory Configuration

Name             Origin             Length             Attributes
FLASH            0x00000000         0x00080000         xr
RAM              0x20000000         0x00010000         xrw
*default*        0x00000000         0xffffffff

Linker script and memory map


.text           0x00000000     0x2b58
 *(.isr_vector)
 .isr_vector    0x00000000      0x200 _build/nrf52832_xxaa/gcc_startup_nrf52.S.o
                0x00000000                __isr_vector
 *(.text*)
 .text          0x00000200       0x40 c:/program files (x86)/gnu arm embedded toolchain/10 2021.10/bin/../lib/gcc/arm-none-eabi/10.3.1/thumb/v7e-m+fp/hard/crtbegin.o
 .text          0x00000240       0x7c c:/program files (x86)/gnu arm embedded toolchain/10 2021.10/bin/../lib/gcc/arm-none-eabi/10.3.1/../../../../arm-none-eabi/lib/thumb/v7e-m+fp/hard/crt0.o
                0x00000240                _stack_init
                0x00000248                _start
                0x00000248                _mainCRTStartup
 .text          0x000002bc       0x3c _build/nrf52832_xxaa/gcc_startup_nrf52.S.o
                0x000002bc                Reset_Handler
                0x000002e4                NMI_Handler
                0x000002e6                HardFault_Handler
                0x000002e8                MemoryManagement_Handler
                0x000002ea                BusFault_Handler
                0x000002ec                UsageFault_Handler
                0x000002f0                DebugMon_Handler
                0x000002f4                SysTick_Handler
                0x000002f6                RADIO_IRQHandler
                0x000002f6                PDM_IRQHandler
                0x000002f6                SWI0_EGU0_IRQHandler
                0x000002f6                PWM1_IRQHandler
                0x000002f6                QDEC_IRQHandler
                0x000002f6                TIMER3_IRQHandler
                0x000002f6                FPU_IRQHandler
                0x000002f6                SPIM0_SPIS0_TWIM0_TWIS0_SPI0_TWI0_IRQHandler
                0x000002f6                TEMP_IRQHandler
                0x000002f6                UARTE0_UART0_IRQHandler
                0x000002f6                TIMER4_IRQHandler
                0x000002f6                I2S_IRQHandler
                0x000002f6                RTC0_IRQHandler
                0x000002f6                TIMER0_IRQHandler
                0x000002f6                SWI2_EGU2_IRQHandler
                0x000002f6                TIMER1_IRQHandler
                0x000002f6                PWM2_IRQHandler
                0x000002f6                ECB_IRQHandler
                0x000002f6                SPIM1_SPIS1_TWIM1_TWIS1_SPI1_TWI1_IRQHandler
                0x000002f6                Default_Handler
                0x000002f6                SAADC_IRQHandler
                0x000002f6                CCM_AAR_IRQHandler
                0x000002f6                WDT_IRQHandler
                0x000002f6                SWI5_EGU5_IRQHandler
                0x000002f6                RNG_IRQHandler
                0x000002f6                RTC2_IRQHandler
                0x000002f6                PWM0_IRQHandler
                0x000002f6                SWI3_EGU3_IRQHandler
                0x000002f6                SWI1_EGU1_IRQHandler
                0x000002f6                SPIM2_SPIS2_SPI2_IRQHandler
                0x000002f6                NFCT_IRQHandler
                0x000002f6                SWI4_EGU4_IRQHandler
                0x000002f6                MWU_IRQHandler
                0x000002f6                TIMER2_IRQHandler
                0x000002f6                COMP_LPCOMP_IRQHandler
 .text.bsp_board_led_invert
                0x000002f8       0x24 _build/nrf52832_xxaa/boards.c.o
                0x000002f8                bsp_board_led_invert
 .text.bsp_board_init
                0x0000031c       0x5c _build/nrf52832_xxaa/boards.c.o
                0x0000031c                bsp_board_init
 .text.pvPortMalloc
                0x00000378       0x58 _build/nrf52832_xxaa/heap_1.c.o
                0x00000378                pvPortMalloc
 .text.vPortFree
                0x000003d0        0x4 _build/nrf52832_xxaa/heap_1.c.o
                0x000003d0                vPortFree
 .text.vListInitialise
                0x000003d4       0x18 _build/nrf52832_xxaa/list.c.o
                0x000003d4                vListInitialise
 .text.vListInitialiseItem
                0x000003ec        0x8 _build/nrf52832_xxaa/list.c.o
                0x000003ec                vListInitialiseItem
 .text.vListInsertEnd
                0x000003f4       0x18 _build/nrf52832_xxaa/list.c.o
                0x000003f4                vListInsertEnd
 .text.vListInsert
                0x0000040c       0x30 _build/nrf52832_xxaa/list.c.o
                0x0000040c                vListInsert
 .text.uxListRemove
                0x0000043c       0x24 _build/nrf52832_xxaa/list.c.o
                0x0000043c                uxListRemove
 .text.vPortStartFirstTask
                0x00000460       0x1c _build/nrf52832_xxaa/port.c.o
                0x00000460                vPortStartFirstTask
 .text.SVC_Handler
                0x0000047c       0x20 _build/nrf52832_xxaa/port.c.o
                0x0000047c                SVC_Handler
 .text.PendSV_Handler
                0x0000049c       0x60 _build/nrf52832_xxaa/port.c.o
                0x0000049c                PendSV_Handler
 .text.prvTaskExitError
                0x000004fc        0x8 _build/nrf52832_xxaa/port_cmsis.c.o
 .text.pxPortInitialiseStack
                0x00000504       0x24 _build/nrf52832_xxaa/port_cmsis.c.o
                0x00000504                pxPortInitialiseStack
 .text.xPortStartScheduler
                0x00000528       0x4c _build/nrf52832_xxaa/port_cmsis.c.o
                0x00000528                xPortStartScheduler
 .text.vPortEnterCritical
                0x00000574       0x14 _build/nrf52832_xxaa/port_cmsis.c.o
                0x00000574                vPortEnterCritical
 .text.vPortExitCritical
                0x00000588       0x14 _build/nrf52832_xxaa/port_cmsis.c.o
                0x00000588                vPortExitCritical
 .text.RTC1_IRQHandler
                0x0000059c       0x84 _build/nrf52832_xxaa/port_cmsis_systick.c.o
                0x0000059c                RTC1_IRQHandler
 .text.vPortSetupTimerInterrupt
                0x00000620       0x38 _build/nrf52832_xxaa/port_cmsis_systick.c.o
                0x00000620                vPortSetupTimerInterrupt
 .text.vPortSuppressTicksAndSleep
                0x00000658       0xec _build/nrf52832_xxaa/port_cmsis_systick.c.o
                0x00000658                vPortSuppressTicksAndSleep
 .text.xQueueGenericCreate
                0x00000744       0x74 _build/nrf52832_xxaa/queue.c.o
                0x00000744                xQueueGenericCreate
 .text.xQueueGenericSend
                0x000007b8      0x350 _build/nrf52832_xxaa/queue.c.o
                0x000007b8                xQueueGenericSend
 .text.xQueueGenericSendFromISR
                0x00000b08       0xfc _build/nrf52832_xxaa/queue.c.o
                0x00000b08                xQueueGenericSendFromISR
 .text.xQueueReceive
                0x00000c04      0x2a4 _build/nrf52832_xxaa/queue.c.o
                0x00000c04                xQueueReceive
 .text.vQueueAddToRegistry
                0x00000ea8       0x20 _build/nrf52832_xxaa/queue.c.o
                0x00000ea8                vQueueAddToRegistry
 .text.vQueueWaitForMessageRestricted
                0x00000ec8       0xc8 _build/nrf52832_xxaa/queue.c.o
                0x00000ec8                vQueueWaitForMessageRestricted
 .text.xTaskCreate
                0x00000f90      0x1e4 _build/nrf52832_xxaa/tasks.c.o
                0x00000f90                xTaskCreate
 .text.vTaskStartScheduler
                0x00001174      0x1c4 _build/nrf52832_xxaa/tasks.c.o
                0x00001174                vTaskStartScheduler
 .text.vTaskSuspendAll
                0x00001338       0x10 _build/nrf52832_xxaa/tasks.c.o
                0x00001338                vTaskSuspendAll
 .text.xTaskGetTickCount
                0x00001348        0xc _build/nrf52832_xxaa/tasks.c.o
                0x00001348                xTaskGetTickCount
 .text.vTaskStepTick
                0x00001354       0x10 _build/nrf52832_xxaa/tasks.c.o
                0x00001354                vTaskStepTick
 .text.xTaskIncrementTick
                0x00001364      0x134 _build/nrf52832_xxaa/tasks.c.o
                0x00001364                xTaskIncrementTick
 .text.xTaskResumeAll
                0x00001498      0x12c _build/nrf52832_xxaa/tasks.c.o
                0x00001498                xTaskResumeAll
 .text.vTaskDelay
                0x000015c4       0x9c _build/nrf52832_xxaa/tasks.c.o
                0x000015c4                vTaskDelay
 .text.prvIdleTask
                0x00001660      0x100 _build/nrf52832_xxaa/tasks.c.o
 .text.vTaskSwitchContext
                0x00001760       0x6c _build/nrf52832_xxaa/tasks.c.o
                0x00001760                vTaskSwitchContext
 .text.vTaskPlaceOnEventList
                0x000017cc       0x90 _build/nrf52832_xxaa/tasks.c.o
                0x000017cc                vTaskPlaceOnEventList
 .text.vTaskPlaceOnEventListRestricted
                0x0000185c       0xa4 _build/nrf52832_xxaa/tasks.c.o
                0x0000185c                vTaskPlaceOnEventListRestricted
 .text.xTaskRemoveFromEventList
                0x00001900       0xa4 _build/nrf52832_xxaa/tasks.c.o
                0x00001900                xTaskRemoveFromEventList
 .text.vTaskInternalSetTimeOutState
                0x000019a4       0x18 _build/nrf52832_xxaa/tasks.c.o
                0x000019a4                vTaskInternalSetTimeOutState
 .text.xTaskCheckForTimeOut
                0x000019bc       0x68 _build/nrf52832_xxaa/tasks.c.o
                0x000019bc                xTaskCheckForTimeOut
 .text.vTaskMissedYield
                0x00001a24        0xc _build/nrf52832_xxaa/tasks.c.o
                0x00001a24                vTaskMissedYield
 .text.eTaskConfirmSleepModeStatus
                0x00001a30       0x38 _build/nrf52832_xxaa/tasks.c.o
                0x00001a30                eTaskConfirmSleepModeStatus
 .text.xTaskGetSchedulerState
                0x00001a68       0x20 _build/nrf52832_xxaa/tasks.c.o
                0x00001a68                xTaskGetSchedulerState
 .text.xTaskPriorityDisinherit
                0x00001a88       0x84 _build/nrf52832_xxaa/tasks.c.o
                0x00001a88                xTaskPriorityDisinherit
 .text.prvSwitchTimerLists
                0x00001b0c       0x88 _build/nrf52832_xxaa/timers.c.o
 .text.prvTimerTask
                0x00001b94      0x230 _build/nrf52832_xxaa/timers.c.o
 .text.xTimerCreateTimerTask
                0x00001dc4       0x84 _build/nrf52832_xxaa/timers.c.o
                0x00001dc4                xTimerCreateTimerTask
 .text.xTimerCreate
                0x00001e48       0x98 _build/nrf52832_xxaa/timers.c.o
                0x00001e48                xTimerCreate
 .text.xTimerGenericCommand
                0x00001ee0       0x58 _build/nrf52832_xxaa/timers.c.o
                0x00001ee0                xTimerGenericCommand
 .text.app_error_handler_bare
                0x00001f38       0x20 _build/nrf52832_xxaa/app_error.c.o
                0x00001f38                app_error_handler_bare
 .text.app_error_fault_handler
                0x00001f58       0x30 _build/nrf52832_xxaa/app_error_weak.c.o
                0x00001f58                app_error_fault_handler
 .text.app_util_critical_region_enter
                0x00001f88       0x10 _build/nrf52832_xxaa/app_util_platform.c.o
                0x00001f88                app_util_critical_region_enter
 .text.app_util_critical_region_exit
                0x00001f98       0x14 _build/nrf52832_xxaa/app_util_platform.c.o
                0x00001f98                app_util_critical_region_exit
 .text.clock_irq_handler
                0x00001fac       0x44 _build/nrf52832_xxaa/nrf_drv_clock.c.o
 .text.nrf_drv_clock_init
                0x00001ff0       0x44 _build/nrf52832_xxaa/nrf_drv_clock.c.o
                0x00001ff0                nrf_drv_clock_init
 .text.nrf_drv_clock_lfclk_request
                0x00002034       0x5c _build/nrf52832_xxaa/nrf_drv_clock.c.o
                0x00002034                nrf_drv_clock_lfclk_request
 .text.nrfx_clock_init
                0x00002090       0x18 _build/nrf52832_xxaa/nrfx_clock.c.o
                0x00002090                nrfx_clock_init
 .text.nrfx_clock_enable
                0x000020a8       0x24 _build/nrf52832_xxaa/nrfx_clock.c.o
                0x000020a8                nrfx_clock_enable
 .text.nrfx_clock_lfclk_start
                0x000020cc       0x60 _build/nrf52832_xxaa/nrfx_clock.c.o
                0x000020cc                nrfx_clock_lfclk_start
 .text.POWER_CLOCK_IRQHandler
                0x0000212c       0x70 _build/nrf52832_xxaa/nrfx_clock.c.o
                0x0000212c                POWER_CLOCK_IRQHandler
 .text.GPIOTE_IRQHandler
                0x0000219c      0x444 _build/nrf52832_xxaa/nrfx_gpiote.c.o
                0x0000219c                GPIOTE_IRQHandler
 .text.led_toggle_timer_callback
                0x000025e0        0x8 _build/nrf52832_xxaa/main.c.o
 .text.led_toggle_task_function
                0x000025e8       0x10 _build/nrf52832_xxaa/main.c.o
 .text.startup.main
                0x000025f8       0x84 _build/nrf52832_xxaa/main.c.o
                0x000025f8                main
 .text.SystemInit
                0x0000267c      0x3d8 _build/nrf52832_xxaa/system_nrf52.c.o
                0x0000267c                SystemInit
 .text.exit     0x00002a54       0x28 c:/program files (x86)/gnu arm embedded toolchain/10 2021.10/bin/../lib/gcc/arm-none-eabi/10.3.1/../../../../arm-none-eabi/lib/thumb/v7e-m+fp/hard\libc_nano.a(lib_a-exit.o)
                0x00002a54                exit
 .text.__libc_init_array
                0x00002a7c       0x48 c:/program files (x86)/gnu arm embedded toolchain/10 2021.10/bin/../lib/gcc/arm-none-eabi/10.3.1/../../../../arm-none-eabi/lib/thumb/v7e-m+fp/hard\libc_nano.a(lib_a-init.o)
                0x00002a7c                __libc_init_array
 .text.memcpy   0x00002ac4       0x1c c:/program files (x86)/gnu arm embedded toolchain/10 2021.10/bin/../lib/gcc/arm-none-eabi/10.3.1/../../../../arm-none-eabi/lib/thumb/v7e-m+fp/hard\libc_nano.a(lib_a-memcpy-stub.o)
                0x00002ac4                memcpy
 .text.memset   0x00002ae0       0x10 c:/program files (x86)/gnu arm embedded toolchain/10 2021.10/bin/../lib/gcc/arm-none-eabi/10.3.1/../../../../arm-none-eabi/lib/thumb/v7e-m+fp/hard\libc_nano.a(lib_a-memset.o)
                0x00002ae0                memset
 .text._exit    0x00002af0        0x4 c:/program files (x86)/gnu arm embedded toolchain/10 2021.10/bin/../lib/gcc/arm-none-eabi/10.3.1/../../../../arm-none-eabi/lib/thumb/v7e-m+fp/hard\libnosys.a(_exit.o)
                0x00002af0                _exit
 *(.init)
 .init          0x00002af4        0x4 c:/program files (x86)/gnu arm embedded toolchain/10 2021.10/bin/../lib/gcc/arm-none-eabi/10.3.1/thumb/v7e-m+fp/hard/crti.o
                0x00002af4                _init
 .init          0x00002af8        0x8 c:/program files (x86)/gnu arm embedded toolchain/10 2021.10/bin/../lib/gcc/arm-none-eabi/10.3.1/thumb/v7e-m+fp/hard/crtn.o
 *(.fini)
 .fini          0x00002b00        0x4 c:/program files (x86)/gnu arm embedded toolchain/10 2021.10/bin/../lib/gcc/arm-none-eabi/10.3.1/thumb/v7e-m+fp/hard/crti.o
                0x00002b00                _fini
 .fini          0x00002b04        0x8 c:/program files (x86)/gnu arm embedded toolchain/10 2021.10/bin/../lib/gcc/arm-none-eabi/10.3.1/thumb/v7e-m+fp/hard/crtn.o
 *crtbegin.o(.ctors)
 *crtbegin?.o(.ctors)
 *(EXCLUDE_FILE(*crtend.o *crtend?.o) .ctors)
 *(SORT_BY_NAME(.ctors.*))
 *(.ctors)
 *crtbegin.o(.dtors)
 *crtbegin?.o(.dtors)
 *(EXCLUDE_FILE(*crtend.o *crtend?.o) .dtors)
 *(SORT_BY_NAME(.dtors.*))
 *(.dtors)
 *(.rodata*)
 .rodata.m_board_led_list
                0x00002b0c        0x4 _build/nrf52832_xxaa/boards.c.o
 .rodata.xTimerCreateTimerTask.str1.4
                0x00002b10       0x10 _build/nrf52832_xxaa/timers.c.o
 .rodata.main.str1.4
                0x00002b20        0xd _build/nrf52832_xxaa/main.c.o
 *fill*         0x00002b2d        0x3 
 .rodata.CSWTCH.15
                0x00002b30        0x5 _build/nrf52832_xxaa/system_nrf52.c.o
 *fill*         0x00002b35        0x3 
 .rodata.CSWTCH.19
                0x00002b38        0x5 _build/nrf52832_xxaa/system_nrf52.c.o
 *fill*         0x00002b3d        0x3 
 .rodata.CSWTCH.21
                0x00002b40        0x5 _build/nrf52832_xxaa/system_nrf52.c.o
 *fill*         0x00002b45        0x3 
 .rodata.CSWTCH.5
                0x00002b48        0x5 _build/nrf52832_xxaa/system_nrf52.c.o
 *fill*         0x00002b4d        0x3 
 .rodata._global_impure_ptr
                0x00002b50        0x4 c:/program files (x86)/gnu arm embedded toolchain/10 2021.10/bin/../lib/gcc/arm-none-eabi/10.3.1/../../../../arm-none-eabi/lib/thumb/v7e-m+fp/hard\libc_nano.a(lib_a-impure.o)
                0x00002b50                _global_impure_ptr
 *(.eh_frame*)
 .eh_frame      0x00002b54        0x0 c:/program files (x86)/gnu arm embedded toolchain/10 2021.10/bin/../lib/gcc/arm-none-eabi/10.3.1/thumb/v7e-m+fp/hard/crtbegin.o
 .eh_frame      0x00002b54        0x4 c:/program files (x86)/gnu arm embedded toolchain/10 2021.10/bin/../lib/gcc/arm-none-eabi/10.3.1/thumb/v7e-m+fp/hard/crtend.o

.glue_7         0x00002b58        0x0
 .glue_7        0x00002b58        0x0 linker stubs

.glue_7t        0x00002b58        0x0
 .glue_7t       0x00002b58        0x0 linker stubs

.vfp11_veneer   0x00002b58        0x0
 .vfp11_veneer  0x00002b58        0x0 linker stubs

.v4_bx          0x00002b58        0x0
 .v4_bx         0x00002b58        0x0 linker stubs

.iplt           0x00002b58        0x0
 .iplt          0x00002b58        0x0 c:/program files (x86)/gnu arm embedded toolchain/10 2021.10/bin/../lib/gcc/arm-none-eabi/10.3.1/thumb/v7e-m+fp/hard/crtbegin.o

.mem_section_dummy_rom

.log_const_data
                0x00002b58        0x0
                [!provide]                PROVIDE (__start_log_const_data = .)
 *(SORT_BY_NAME(.log_const_data*))
                [!provide]                PROVIDE (__stop_log_const_data = .)

.log_backends   0x00002b58        0x0
                [!provide]                PROVIDE (__start_log_backends = .)
 *(SORT_BY_NAME(.log_backends*))
                [!provide]                PROVIDE (__stop_log_backends = .)

.nrf_balloc     0x00002b58        0x0
                [!provide]                PROVIDE (__start_nrf_balloc = .)
 *(.nrf_balloc)
                [!provide]                PROVIDE (__stop_nrf_balloc = .)

.ARM.extab
 *(.ARM.extab* .gnu.linkonce.armextab.*)
                0x00002b58                __exidx_start = .

.ARM.exidx      0x00002b58        0x8
 *(.ARM.exidx* .gnu.linkonce.armexidx.*)
 .ARM.exidx     0x00002b58        0x8 c:/program files (x86)/gnu arm embedded toolchain/10 2021.10/bin/../lib/gcc/arm-none-eabi/10.3.1/../../../../arm-none-eabi/lib/thumb/v7e-m+fp/hard/crt0.o
                                 0x10 (size before relaxing)
                0x00002b60                __exidx_end = .

.rel.dyn        0x00002b60        0x0
 .rel.iplt      0x00002b60        0x0 c:/program files (x86)/gnu arm embedded toolchain/10 2021.10/bin/../lib/gcc/arm-none-eabi/10.3.1/thumb/v7e-m+fp/hard/crtbegin.o
                0x00002b60                . = ALIGN (0x4)
                0x00002b60                __etext = .

.data           0x20000000       0x6c load address 0x00002b60
                0x20000000                __data_start__ = .
 *(vtable)
 *(.data*)
 .data.SystemCoreClock
                0x20000000        0x4 _build/nrf52832_xxaa/system_nrf52.c.o
                0x20000000                SystemCoreClock
 .data.impure_data
                0x20000004       0x60 c:/program files (x86)/gnu arm embedded toolchain/10 2021.10/bin/../lib/gcc/arm-none-eabi/10.3.1/../../../../arm-none-eabi/lib/thumb/v7e-m+fp/hard\libc_nano.a(lib_a-impure.o)
                0x20000064                . = ALIGN (0x4)
                0x20000064                PROVIDE (__preinit_array_start = .)
 *(.preinit_array)
                0x20000064                PROVIDE (__preinit_array_end = .)
                0x20000064                . = ALIGN (0x4)
                0x20000064                PROVIDE (__init_array_start = .)
 *(SORT_BY_NAME(.init_array.*))
 *(.init_array)
 .init_array    0x20000064        0x4 c:/program files (x86)/gnu arm embedded toolchain/10 2021.10/bin/../lib/gcc/arm-none-eabi/10.3.1/thumb/v7e-m+fp/hard/crtbegin.o
                0x20000068                PROVIDE (__init_array_end = .)
                0x20000068                . = ALIGN (0x4)
                [!provide]                PROVIDE (__fini_array_start = .)
 *(SORT_BY_NAME(.fini_array.*))
 *(.fini_array)
 .fini_array    0x20000068        0x4 c:/program files (x86)/gnu arm embedded toolchain/10 2021.10/bin/../lib/gcc/arm-none-eabi/10.3.1/thumb/v7e-m+fp/hard/crtbegin.o
                [!provide]                PROVIDE (__fini_array_end = .)
 *(.jcr*)
                0x2000006c                . = ALIGN (0x4)
                0x2000006c                __data_end__ = .
LOAD c:/program files (x86)/gnu arm embedded toolchain/10 2021.10/bin/../lib/gcc/arm-none-eabi/10.3.1/thumb/v7e-m+fp/hard/crti.o
LOAD c:/program files (x86)/gnu arm embedded toolchain/10 2021.10/bin/../lib/gcc/arm-none-eabi/10.3.1/thumb/v7e-m+fp/hard/crtbegin.o
LOAD c:/program files (x86)/gnu arm embedded toolchain/10 2021.10/bin/../lib/gcc/arm-none-eabi/10.3.1/../../../../arm-none-eabi/lib/thumb/v7e-m+fp/hard/crt0.o
LOAD _build/nrf52832_xxaa/gcc_startup_nrf52.S.o
LOAD _build/nrf52832_xxaa/nrf_log_frontend.c.o
LOAD _build/nrf52832_xxaa/nrf_log_str_formatter.c.o
LOAD _build/nrf52832_xxaa/boards.c.o
LOAD _build/nrf52832_xxaa/croutine.c.o
LOAD _build/nrf52832_xxaa/event_groups.c.o
LOAD _build/nrf52832_xxaa/heap_1.c.o
LOAD _build/nrf52832_xxaa/list.c.o
LOAD _build/nrf52832_xxaa/port.c.o
LOAD _build/nrf52832_xxaa/port_cmsis.c.o
LOAD _build/nrf52832_xxaa/port_cmsis_systick.c.o
LOAD _build/nrf52832_xxaa/queue.c.o
LOAD _build/nrf52832_xxaa/stream_buffer.c.o
LOAD _build/nrf52832_xxaa/tasks.c.o
LOAD _build/nrf52832_xxaa/timers.c.o
LOAD _build/nrf52832_xxaa/app_button.c.o
LOAD _build/nrf52832_xxaa/app_error.c.o
LOAD _build/nrf52832_xxaa/app_error_handler_gcc.c.o
LOAD _build/nrf52832_xxaa/app_error_weak.c.o
LOAD _build/nrf52832_xxaa/app_timer_freertos.c.o
LOAD _build/nrf52832_xxaa/app_util_platform.c.o
LOAD _build/nrf52832_xxaa/nrf_assert.c.o
LOAD _build/nrf52832_xxaa/nrf_atomic.c.o
LOAD _build/nrf52832_xxaa/nrf_balloc.c.o
LOAD _build/nrf52832_xxaa/nrf_fprintf.c.o
LOAD _build/nrf52832_xxaa/nrf_fprintf_format.c.o
LOAD _build/nrf52832_xxaa/nrf_memobj.c.o
LOAD _build/nrf52832_xxaa/nrf_ringbuf.c.o
LOAD _build/nrf52832_xxaa/nrf_strerror.c.o
LOAD _build/nrf52832_xxaa/nrf_drv_clock.c.o
LOAD _build/nrf52832_xxaa/nrf_nvic.c.o
LOAD _build/nrf52832_xxaa/nrf_soc.c.o
LOAD _build/nrf52832_xxaa/nrfx_atomic.c.o
LOAD _build/nrf52832_xxaa/nrfx_clock.c.o
LOAD _build/nrf52832_xxaa/nrfx_gpiote.c.o
LOAD _build/nrf52832_xxaa/bsp.c.o
LOAD _build/nrf52832_xxaa/main.c.o
LOAD _build/nrf52832_xxaa/system_nrf52.c.o
LOAD c:/program files (x86)/gnu arm embedded toolchain/10 2021.10/bin/../lib/gcc/arm-none-eabi/10.3.1/../../../../arm-none-eabi/lib/thumb/v7e-m+fp/hard\libc_nano.a
LOAD c:/program files (x86)/gnu arm embedded toolchain/10 2021.10/bin/../lib/gcc/arm-none-eabi/10.3.1/../../../../arm-none-eabi/lib/thumb/v7e-m+fp/hard\libnosys.a
LOAD c:/program files (x86)/gnu arm embedded toolchain/10 2021.10/bin/../lib/gcc/arm-none-eabi/10.3.1/../../../../arm-none-eabi/lib/thumb/v7e-m+fp/hard\libm.a
START GROUP
LOAD c:/program files (x86)/gnu arm embedded toolchain/10 2021.10/bin/../lib/gcc/arm-none-eabi/10.3.1/thumb/v7e-m+fp/hard\libgcc.a
LOAD c:/program files (x86)/gnu arm embedded toolchain/10 2021.10/bin/../lib/gcc/arm-none-eabi/10.3.1/../../../../arm-none-eabi/lib/thumb/v7e-m+fp/hard\libg_nano.a
LOAD c:/program files (x86)/gnu arm embedded toolchain/10 2021.10/bin/../lib/gcc/arm-none-eabi/10.3.1/../../../../arm-none-eabi/lib/thumb/v7e-m+fp/hard\libc_nano.a
END GROUP
START GROUP
LOAD c:/program files (x86)/gnu arm embedded toolchain/10 2021.10/bin/../lib/gcc/arm-none-eabi/10.3.1/thumb/v7e-m+fp/hard\libgcc.a
LOAD c:/program files (x86)/gnu arm embedded toolchain/10 2021.10/bin/../lib/gcc/arm-none-eabi/10.3.1/../../../../arm-none-eabi/lib/thumb/v7e-m+fp/hard\libc_nano.a
END GROUP
LOAD c:/program files (x86)/gnu arm embedded toolchain/10 2021.10/bin/../lib/gcc/arm-none-eabi/10.3.1/thumb/v7e-m+fp/hard/crtend.o
LOAD c:/program files (x86)/gnu arm embedded toolchain/10 2021.10/bin/../lib/gcc/arm-none-eabi/10.3.1/thumb/v7e-m+fp/hard/crtn.o
START GROUP
LOAD c:/program files (x86)/gnu arm embedded toolchain/10 2021.10/bin/../lib/gcc/arm-none-eabi/10.3.1/thumb/v7e-m+fp/hard\libgcc.a
LOAD c:/program files (x86)/gnu arm embedded toolchain/10 2021.10/bin/../lib/gcc/arm-none-eabi/10.3.1/../../../../arm-none-eabi/lib/thumb/v7e-m+fp/hard\libc.a
LOAD c:/program files (x86)/gnu arm embedded toolchain/10 2021.10/bin/../lib/gcc/arm-none-eabi/10.3.1/../../../../arm-none-eabi/lib/thumb/v7e-m+fp/hard\libnosys.a
END GROUP

.igot.plt       0x2000006c        0x0 load address 0x00002bcc
 .igot.plt      0x2000006c        0x0 c:/program files (x86)/gnu arm embedded toolchain/10 2021.10/bin/../lib/gcc/arm-none-eabi/10.3.1/thumb/v7e-m+fp/hard/crtbegin.o
                0x2000006c                . = ALIGN (0x4)

.mem_section_dummy_ram

.log_dynamic_data
                0x2000006c        0x0
                [!provide]                PROVIDE (__start_log_dynamic_data = .)
 *(SORT_BY_NAME(.log_dynamic_data*))
                [!provide]                PROVIDE (__stop_log_dynamic_data = .)

.log_filter_data
                0x2000006c        0x0
                [!provide]                PROVIDE (__start_log_filter_data = .)
 *(SORT_BY_NAME(.log_filter_data*))
                [!provide]                PROVIDE (__stop_log_filter_data = .)

.bss            0x20000070     0x11d4 load address 0x00002bd0
                0x20000070                . = ALIGN (0x4)
                0x20000070                __bss_start__ = .
 *(.bss*)
 .bss           0x20000070       0x1c c:/program files (x86)/gnu arm embedded toolchain/10 2021.10/bin/../lib/gcc/arm-none-eabi/10.3.1/thumb/v7e-m+fp/hard/crtbegin.o
 .bss.pucAlignedHeap.0
                0x2000008c        0x4 _build/nrf52832_xxaa/heap_1.c.o
 .bss.ucHeap    0x20000090     0x1000 _build/nrf52832_xxaa/heap_1.c.o
 .bss.xNextFreeByte
                0x20001090        0x4 _build/nrf52832_xxaa/heap_1.c.o
 .bss.uxCriticalNesting
                0x20001094        0x4 _build/nrf52832_xxaa/port_cmsis.c.o
 .bss.xQueueRegistry
                0x20001098       0x10 _build/nrf52832_xxaa/queue.c.o
                0x20001098                xQueueRegistry
 .bss.pxCurrentTCB
                0x200010a8        0x4 _build/nrf52832_xxaa/tasks.c.o
                0x200010a8                pxCurrentTCB
 .bss.pxDelayedTaskList
                0x200010ac        0x4 _build/nrf52832_xxaa/tasks.c.o
 .bss.pxOverflowDelayedTaskList
                0x200010b0        0x4 _build/nrf52832_xxaa/tasks.c.o
 .bss.pxReadyTasksLists
                0x200010b4       0x3c _build/nrf52832_xxaa/tasks.c.o
 .bss.uxCurrentNumberOfTasks
                0x200010f0        0x4 _build/nrf52832_xxaa/tasks.c.o
 .bss.uxDeletedTasksWaitingCleanUp
                0x200010f4        0x4 _build/nrf52832_xxaa/tasks.c.o
 .bss.uxPendedTicks
                0x200010f8        0x4 _build/nrf52832_xxaa/tasks.c.o
 .bss.uxSchedulerSuspended
                0x200010fc        0x4 _build/nrf52832_xxaa/tasks.c.o
 .bss.uxTaskNumber
                0x20001100        0x4 _build/nrf52832_xxaa/tasks.c.o
 .bss.uxTopReadyPriority
                0x20001104        0x4 _build/nrf52832_xxaa/tasks.c.o
 .bss.xDelayedTaskList1
                0x20001108       0x14 _build/nrf52832_xxaa/tasks.c.o
 .bss.xDelayedTaskList2
                0x2000111c       0x14 _build/nrf52832_xxaa/tasks.c.o
 .bss.xIdleTaskHandle
                0x20001130        0x4 _build/nrf52832_xxaa/tasks.c.o
 .bss.xNextTaskUnblockTime
                0x20001134        0x4 _build/nrf52832_xxaa/tasks.c.o
 .bss.xNumOfOverflows
                0x20001138        0x4 _build/nrf52832_xxaa/tasks.c.o
 .bss.xPendingReadyList
                0x2000113c       0x14 _build/nrf52832_xxaa/tasks.c.o
 .bss.xSchedulerRunning
                0x20001150        0x4 _build/nrf52832_xxaa/tasks.c.o
 .bss.xSuspendedTaskList
                0x20001154       0x14 _build/nrf52832_xxaa/tasks.c.o
 .bss.xTasksWaitingTermination
                0x20001168       0x14 _build/nrf52832_xxaa/tasks.c.o
 .bss.xTickCount
                0x2000117c        0x4 _build/nrf52832_xxaa/tasks.c.o
 .bss.xYieldPending
                0x20001180        0x4 _build/nrf52832_xxaa/tasks.c.o
 .bss.pxCurrentTimerList
                0x20001184        0x4 _build/nrf52832_xxaa/timers.c.o
 .bss.pxOverflowTimerList
                0x20001188        0x4 _build/nrf52832_xxaa/timers.c.o
 .bss.xActiveTimerList1
                0x2000118c       0x14 _build/nrf52832_xxaa/timers.c.o
 .bss.xActiveTimerList2
                0x200011a0       0x14 _build/nrf52832_xxaa/timers.c.o
 .bss.xLastTime.0
                0x200011b4        0x4 _build/nrf52832_xxaa/timers.c.o
 .bss.xTimerQueue
                0x200011b8        0x4 _build/nrf52832_xxaa/timers.c.o
 .bss.xTimerTaskHandle
                0x200011bc        0x4 _build/nrf52832_xxaa/timers.c.o
 .bss.m_in_critical_region
                0x200011c0        0x4 _build/nrf52832_xxaa/app_util_platform.c.o
 .bss.m_clock_cb
                0x200011c4       0x14 _build/nrf52832_xxaa/nrf_drv_clock.c.o
 .bss.m_clock_cb
                0x200011d8        0x8 _build/nrf52832_xxaa/nrfx_clock.c.o
 .bss.m_cb      0x200011e0       0x5c _build/nrf52832_xxaa/nrfx_gpiote.c.o
 .bss.led_toggle_task_handle
                0x2000123c        0x4 _build/nrf52832_xxaa/main.c.o
                0x2000123c                led_toggle_task_handle
 .bss.led_toggle_timer_handle
                0x20001240        0x4 _build/nrf52832_xxaa/main.c.o
                0x20001240                led_toggle_timer_handle
 *(COMMON)
                0x20001244                . = ALIGN (0x4)
                0x20001244                __bss_end__ = .

.heap           0x20001248     0x2000
                0x20001248                __HeapBase = .
                0x20001248                __end__ = .
                [!provide]                PROVIDE (end = .)
 *(.heap*)
 .heap          0x20001248     0x2000 _build/nrf52832_xxaa/gcc_startup_nrf52.S.o
                0x20003248                __HeapLimit = .

.stack_dummy    0x20001248     0x2000
 *(.stack*)
 .stack         0x20001248     0x2000 _build/nrf52832_xxaa/gcc_startup_nrf52.S.o
                0x20010000                __StackTop = (ORIGIN (RAM) + LENGTH (RAM))
                0x2000e000                __StackLimit = (__StackTop - SIZEOF (.stack_dummy))
                0x20010000                PROVIDE (__stack = __StackTop)
                0x00000001                ASSERT ((__StackLimit >= __HeapLimit), region RAM overflowed with stack)
                0x00000070                DataInitFlashUsed = (__bss_start__ - __data_start__)
                0x00002b60                CodeFlashUsed = (__etext - ORIGIN (FLASH))
                0x00002bd0                TotalFlashUsed = (CodeFlashUsed + DataInitFlashUsed)
                0x00000001                ASSERT ((TotalFlashUsed <= LENGTH (FLASH)), region FLASH overflowed with .data and user data)
OUTPUT(_build/nrf52832_xxaa.out elf32-littlearm)
LOAD linker stubs

.ARM.attributes
                0x00000000       0x30
 .ARM.attributes
                0x00000000       0x1e c:/program files (x86)/gnu arm embedded toolchain/10 2021.10/bin/../lib/gcc/arm-none-eabi/10.3.1/thumb/v7e-m+fp/hard/crti.o
 .ARM.attributes
                0x0000001e       0x34 c:/program files (x86)/gnu arm embedded toolchain/10 2021.10/bin/../lib/gcc/arm-none-eabi/10.3.1/thumb/v7e-m+fp/hard/crtbegin.o
 .ARM.attributes
                0x00000052       0x1c c:/program files (x86)/gnu arm embedded toolchain/10 2021.10/bin/../lib/gcc/arm-none-eabi/10.3.1/../../../../arm-none-eabi/lib/thumb/v7e-m+fp/hard/crt0.o
 .ARM.attributes
                0x0000006e       0x20 _build/nrf52832_xxaa/gcc_startup_nrf52.S.o
 .ARM.attributes
                0x0000008e       0x34 _build/nrf52832_xxaa/boards.c.o
 .ARM.attributes
                0x000000c2       0x34 _build/nrf52832_xxaa/heap_1.c.o
 .ARM.attributes
                0x000000f6       0x34 _build/nrf52832_xxaa/list.c.o
 .ARM.attributes
                0x0000012a       0x34 _build/nrf52832_xxaa/port.c.o
 .ARM.attributes
                0x0000015e       0x34 _build/nrf52832_xxaa/port_cmsis.c.o
 .ARM.attributes
                0x00000192       0x34 _build/nrf52832_xxaa/port_cmsis_systick.c.o
 .ARM.attributes
                0x000001c6       0x34 _build/nrf52832_xxaa/queue.c.o
 .ARM.attributes
                0x000001fa       0x34 _build/nrf52832_xxaa/tasks.c.o
 .ARM.attributes
                0x0000022e       0x34 _build/nrf52832_xxaa/timers.c.o
 .ARM.attributes
                0x00000262       0x34 _build/nrf52832_xxaa/app_error.c.o
 .ARM.attributes
                0x00000296       0x34 _build/nrf52832_xxaa/app_error_weak.c.o
 .ARM.attributes
                0x000002ca       0x34 _build/nrf52832_xxaa/app_util_platform.c.o
 .ARM.attributes
                0x000002fe       0x34 _build/nrf52832_xxaa/nrf_drv_clock.c.o
 .ARM.attributes
                0x00000332       0x34 _build/nrf52832_xxaa/nrfx_clock.c.o
 .ARM.attributes
                0x00000366       0x34 _build/nrf52832_xxaa/nrfx_gpiote.c.o
 .ARM.attributes
                0x0000039a       0x34 _build/nrf52832_xxaa/main.c.o
 .ARM.attributes
                0x000003ce       0x34 _build/nrf52832_xxaa/system_nrf52.c.o
 .ARM.attributes
                0x00000402       0x34 c:/program files (x86)/gnu arm embedded toolchain/10 2021.10/bin/../lib/gcc/arm-none-eabi/10.3.1/../../../../arm-none-eabi/lib/thumb/v7e-m+fp/hard\libc_nano.a(lib_a-exit.o)
 .ARM.attributes
                0x00000436       0x34 c:/program files (x86)/gnu arm embedded toolchain/10 2021.10/bin/../lib/gcc/arm-none-eabi/10.3.1/../../../../arm-none-eabi/lib/thumb/v7e-m+fp/hard\libc_nano.a(lib_a-impure.o)
 .ARM.attributes
                0x0000046a       0x34 c:/program files (x86)/gnu arm embedded toolchain/10 2021.10/bin/../lib/gcc/arm-none-eabi/10.3.1/../../../../arm-none-eabi/lib/thumb/v7e-m+fp/hard\libc_nano.a(lib_a-init.o)
 .ARM.attributes
                0x0000049e       0x34 c:/program files (x86)/gnu arm embedded toolchain/10 2021.10/bin/../lib/gcc/arm-none-eabi/10.3.1/../../../../arm-none-eabi/lib/thumb/v7e-m+fp/hard\libc_nano.a(lib_a-memcpy-stub.o)
 .ARM.attributes
                0x000004d2       0x34 c:/program files (x86)/gnu arm embedded toolchain/10 2021.10/bin/../lib/gcc/arm-none-eabi/10.3.1/../../../../arm-none-eabi/lib/thumb/v7e-m+fp/hard\libc_nano.a(lib_a-memset.o)
 .ARM.attributes
                0x00000506       0x34 c:/program files (x86)/gnu arm embedded toolchain/10 2021.10/bin/../lib/gcc/arm-none-eabi/10.3.1/../../../../arm-none-eabi/lib/thumb/v7e-m+fp/hard\libnosys.a(_exit.o)
 .ARM.attributes
                0x0000053a       0x34 c:/program files (x86)/gnu arm embedded toolchain/10 2021.10/bin/../lib/gcc/arm-none-eabi/10.3.1/thumb/v7e-m+fp/hard/crtend.o
 .ARM.attributes
                0x0000056e       0x1e c:/program files (x86)/gnu arm embedded toolchain/10 2021.10/bin/../lib/gcc/arm-none-eabi/10.3.1/thumb/v7e-m+fp/hard/crtn.o

.comment        0x00000000       0x49
 .comment       0x00000000       0x49 _build/nrf52832_xxaa/boards.c.o
                                 0x4a (size before relaxing)
 .comment       0x00000049       0x4a _build/nrf52832_xxaa/heap_1.c.o
 .comment       0x00000049       0x4a _build/nrf52832_xxaa/list.c.o
 .comment       0x00000049       0x4a _build/nrf52832_xxaa/port.c.o
 .comment       0x00000049       0x4a _build/nrf52832_xxaa/port_cmsis.c.o
 .comment       0x00000049       0x4a _build/nrf52832_xxaa/port_cmsis_systick.c.o
 .comment       0x00000049       0x4a _build/nrf52832_xxaa/queue.c.o
 .comment       0x00000049       0x4a _build/nrf52832_xxaa/tasks.c.o
 .comment       0x00000049       0x4a _build/nrf52832_xxaa/timers.c.o
 .comment       0x00000049       0x4a _build/nrf52832_xxaa/app_error.c.o
 .comment       0x00000049       0x4a _build/nrf52832_xxaa/app_error_weak.c.o
 .comment       0x00000049       0x4a _build/nrf52832_xxaa/app_util_platform.c.o
 .comment       0x00000049       0x4a _build/nrf52832_xxaa/nrf_drv_clock.c.o
 .comment       0x00000049       0x4a _build/nrf52832_xxaa/nrfx_clock.c.o
 .comment       0x00000049       0x4a _build/nrf52832_xxaa/nrfx_gpiote.c.o
 .comment       0x00000049       0x4a _build/nrf52832_xxaa/main.c.o
 .comment       0x00000049       0x4a _build/nrf52832_xxaa/system_nrf52.c.o

.debug_line     0x00000000    0x11965
 .debug_line    0x00000000       0x86 _build/nrf52832_xxaa/gcc_startup_nrf52.S.o
 .debug_line    0x00000086     0x1092 _build/nrf52832_xxaa/boards.c.o
 .debug_line    0x00001118      0x77d _build/nrf52832_xxaa/heap_1.c.o
 .debug_line    0x00001895      0x81a _build/nrf52832_xxaa/list.c.o
 .debug_line    0x000020af      0x682 _build/nrf52832_xxaa/port.c.o
 .debug_line    0x00002731      0x809 _build/nrf52832_xxaa/port_cmsis.c.o
 .debug_line    0x00002f3a      0xe44 _build/nrf52832_xxaa/port_cmsis_systick.c.o
 .debug_line    0x00003d7e     0x2824 _build/nrf52832_xxaa/queue.c.o
 .debug_line    0x000065a2     0x2ed3 _build/nrf52832_xxaa/tasks.c.o
 .debug_line    0x00009475      0xfd9 _build/nrf52832_xxaa/timers.c.o
 .debug_line    0x0000a44e      0x5cd _build/nrf52832_xxaa/app_error.c.o
 .debug_line    0x0000aa1b      0x7aa _build/nrf52832_xxaa/app_error_weak.c.o
 .debug_line    0x0000b1c5      0x699 _build/nrf52832_xxaa/app_util_platform.c.o
 .debug_line    0x0000b85e      0xdd1 _build/nrf52832_xxaa/nrf_drv_clock.c.o
 .debug_line    0x0000c62f     0x10b0 _build/nrf52832_xxaa/nrfx_clock.c.o
 .debug_line    0x0000d6df     0x2d56 _build/nrf52832_xxaa/nrfx_gpiote.c.o
 .debug_line    0x00010435      0xa77 _build/nrf52832_xxaa/main.c.o
 .debug_line    0x00010eac      0xab9 _build/nrf52832_xxaa/system_nrf52.c.o

.debug_info     0x00000000    0x12fc2
 .debug_info    0x00000000       0x26 _build/nrf52832_xxaa/gcc_startup_nrf52.S.o
 .debug_info    0x00000026      0xddc _build/nrf52832_xxaa/boards.c.o
 .debug_info    0x00000e02      0x1c6 _build/nrf52832_xxaa/heap_1.c.o
 .debug_info    0x00000fc8      0x2d7 _build/nrf52832_xxaa/list.c.o
 .debug_info    0x0000129f       0xad _build/nrf52832_xxaa/port.c.o
 .debug_info    0x0000134c      0x8e6 _build/nrf52832_xxaa/port_cmsis.c.o
 .debug_info    0x00001c32     0x10a0 _build/nrf52832_xxaa/port_cmsis_systick.c.o
 .debug_info    0x00002cd2     0x2f37 _build/nrf52832_xxaa/queue.c.o
 .debug_info    0x00005c09     0x3415 _build/nrf52832_xxaa/tasks.c.o
 .debug_info    0x0000901e     0x17ca _build/nrf52832_xxaa/timers.c.o
 .debug_info    0x0000a7e8      0x2c3 _build/nrf52832_xxaa/app_error.c.o
 .debug_info    0x0000aaab      0x3b0 _build/nrf52832_xxaa/app_error_weak.c.o
 .debug_info    0x0000ae5b      0x808 _build/nrf52832_xxaa/app_util_platform.c.o
 .debug_info    0x0000b663      0xe16 _build/nrf52832_xxaa/nrf_drv_clock.c.o
 .debug_info    0x0000c479     0x1586 _build/nrf52832_xxaa/nrfx_clock.c.o
 .debug_info    0x0000d9ff     0x39e8 _build/nrf52832_xxaa/nrfx_gpiote.c.o
 .debug_info    0x000113e7      0x4da _build/nrf52832_xxaa/main.c.o
 .debug_info    0x000118c1     0x1701 _build/nrf52832_xxaa/system_nrf52.c.o

.debug_abbrev   0x00000000     0x2fb0
 .debug_abbrev  0x00000000       0x14 _build/nrf52832_xxaa/gcc_startup_nrf52.S.o
 .debug_abbrev  0x00000014      0x2df _build/nrf52832_xxaa/boards.c.o
 .debug_abbrev  0x000002f3      0x136 _build/nrf52832_xxaa/heap_1.c.o
 .debug_abbrev  0x00000429      0x109 _build/nrf52832_xxaa/list.c.o
 .debug_abbrev  0x00000532       0x47 _build/nrf52832_xxaa/port.c.o
 .debug_abbrev  0x00000579      0x2c7 _build/nrf52832_xxaa/port_cmsis.c.o
 .debug_abbrev  0x00000840      0x346 _build/nrf52832_xxaa/port_cmsis_systick.c.o
 .debug_abbrev  0x00000b86      0x414 _build/nrf52832_xxaa/queue.c.o
 .debug_abbrev  0x00000f9a      0x4d4 _build/nrf52832_xxaa/tasks.c.o
 .debug_abbrev  0x0000146e      0x3c4 _build/nrf52832_xxaa/timers.c.o
 .debug_abbrev  0x00001832      0x13b _build/nrf52832_xxaa/app_error.c.o
 .debug_abbrev  0x0000196d      0x185 _build/nrf52832_xxaa/app_error_weak.c.o
 .debug_abbrev  0x00001af2      0x260 _build/nrf52832_xxaa/app_util_platform.c.o
 .debug_abbrev  0x00001d52      0x437 _build/nrf52832_xxaa/nrf_drv_clock.c.o
 .debug_abbrev  0x00002189      0x473 _build/nrf52832_xxaa/nrfx_clock.c.o
 .debug_abbrev  0x000025fc      0x50a _build/nrf52832_xxaa/nrfx_gpiote.c.o
 .debug_abbrev  0x00002b06      0x182 _build/nrf52832_xxaa/main.c.o
 .debug_abbrev  0x00002c88      0x328 _build/nrf52832_xxaa/system_nrf52.c.o

.debug_aranges  0x00000000      0x798
 .debug_aranges
                0x00000000       0x20 _build/nrf52832_xxaa/gcc_startup_nrf52.S.o
 .debug_aranges
                0x00000020       0x78 _build/nrf52832_xxaa/boards.c.o
 .debug_aranges
                0x00000098       0x38 _build/nrf52832_xxaa/heap_1.c.o
 .debug_aranges
                0x000000d0       0x40 _build/nrf52832_xxaa/list.c.o
 .debug_aranges
                0x00000110       0x30 _build/nrf52832_xxaa/port.c.o
 .debug_aranges
                0x00000140       0x48 _build/nrf52832_xxaa/port_cmsis.c.o
 .debug_aranges
                0x00000188       0x30 _build/nrf52832_xxaa/port_cmsis_systick.c.o
 .debug_aranges
                0x000001b8       0xd8 _build/nrf52832_xxaa/queue.c.o
 .debug_aranges
                0x00000290      0x198 _build/nrf52832_xxaa/tasks.c.o
 .debug_aranges
                0x00000428       0x88 _build/nrf52832_xxaa/timers.c.o
 .debug_aranges
                0x000004b0       0x28 _build/nrf52832_xxaa/app_error.c.o
 .debug_aranges
                0x000004d8       0x20 _build/nrf52832_xxaa/app_error_weak.c.o
 .debug_aranges
                0x000004f8       0x48 _build/nrf52832_xxaa/app_util_platform.c.o
 .debug_aranges
                0x00000540       0x80 _build/nrf52832_xxaa/nrf_drv_clock.c.o
 .debug_aranges
                0x000005c0       0x78 _build/nrf52832_xxaa/nrfx_clock.c.o
 .debug_aranges
                0x00000638       0xf8 _build/nrf52832_xxaa/nrfx_gpiote.c.o
 .debug_aranges
                0x00000730       0x30 _build/nrf52832_xxaa/main.c.o
 .debug_aranges
                0x00000760       0x38 _build/nrf52832_xxaa/system_nrf52.c.o

.debug_str      0x00000000    0x84d69
 .debug_str     0x00000000       0xd6 _build/nrf52832_xxaa/gcc_startup_nrf52.S.o
 .debug_str     0x000000d6    0x6ee71 _build/nrf52832_xxaa/boards.c.o
                              0x6fdb5 (size before relaxing)
 .debug_str     0x0006ef47     0x3da6 _build/nrf52832_xxaa/heap_1.c.o
                              0x6de11 (size before relaxing)
 .debug_str     0x00072ced      0x154 _build/nrf52832_xxaa/list.c.o
                              0x6d84d (size before relaxing)
 .debug_str     0x00072e41       0x52 _build/nrf52832_xxaa/port.c.o
                              0x6dc4b (size before relaxing)
 .debug_str     0x00072e93      0x51b _build/nrf52832_xxaa/port_cmsis.c.o
                              0x6e274 (size before relaxing)
 .debug_str     0x000733ae      0x716 _build/nrf52832_xxaa/port_cmsis_systick.c.o
                              0x73044 (size before relaxing)
 .debug_str     0x00073ac4     0x101a _build/nrf52832_xxaa/queue.c.o
                              0x6ef4b (size before relaxing)
 .debug_str     0x00074ade     0x197f _build/nrf52832_xxaa/tasks.c.o
                              0x6fbf2 (size before relaxing)
 .debug_str     0x0007645d      0x4e9 _build/nrf52832_xxaa/timers.c.o
                              0x6f3de (size before relaxing)
 .debug_str     0x00076946      0x104 _build/nrf52832_xxaa/app_error.c.o
                              0x6250e (size before relaxing)
 .debug_str     0x00076a4a     0x2fd7 _build/nrf52832_xxaa/app_error_weak.c.o
                              0x6f1df (size before relaxing)
 .debug_str     0x00079a21      0x1f8 _build/nrf52832_xxaa/app_util_platform.c.o
                              0x62d38 (size before relaxing)
 .debug_str     0x00079c19      0x909 _build/nrf52832_xxaa/nrf_drv_clock.c.o
                              0x71fa3 (size before relaxing)
 .debug_str     0x0007a522      0x84a _build/nrf52832_xxaa/nrfx_clock.c.o
                              0x7267d (size before relaxing)
 .debug_str     0x0007ad6c     0x192e _build/nrf52832_xxaa/nrfx_gpiote.c.o
                              0x7398a (size before relaxing)
 .debug_str     0x0007c69a      0x447 _build/nrf52832_xxaa/main.c.o
                              0x741ae (size before relaxing)
 .debug_str     0x0007cae1     0x8288 _build/nrf52832_xxaa/system_nrf52.c.o
                              0x66ded (size before relaxing)

.debug_loc      0x00000000     0xb5ce
 .debug_loc     0x00000000      0xd6a _build/nrf52832_xxaa/boards.c.o
 .debug_loc     0x00000d6a       0xc0 _build/nrf52832_xxaa/heap_1.c.o
 .debug_loc     0x00000e2a       0xa0 _build/nrf52832_xxaa/list.c.o
 .debug_loc     0x00000eca       0xe7 _build/nrf52832_xxaa/port_cmsis.c.o
 .debug_loc     0x00000fb1      0x6a7 _build/nrf52832_xxaa/port_cmsis_systick.c.o
 .debug_loc     0x00001658     0x22c0 _build/nrf52832_xxaa/queue.c.o
 .debug_loc     0x00003918     0x2b0f _build/nrf52832_xxaa/tasks.c.o
 .debug_loc     0x00006427     0x10b0 _build/nrf52832_xxaa/timers.c.o
 .debug_loc     0x000074d7       0xc8 _build/nrf52832_xxaa/app_error.c.o
 .debug_loc     0x0000759f       0x4a _build/nrf52832_xxaa/app_error_weak.c.o
 .debug_loc     0x000075e9      0x11a _build/nrf52832_xxaa/app_util_platform.c.o
 .debug_loc     0x00007703      0x360 _build/nrf52832_xxaa/nrf_drv_clock.c.o
 .debug_loc     0x00007a63      0x3f9 _build/nrf52832_xxaa/nrfx_clock.c.o
 .debug_loc     0x00007e5c     0x339b _build/nrf52832_xxaa/nrfx_gpiote.c.o
 .debug_loc     0x0000b1f7       0x8e _build/nrf52832_xxaa/main.c.o
 .debug_loc     0x0000b285      0x349 _build/nrf52832_xxaa/system_nrf52.c.o

.debug_ranges   0x00000000     0x3650
 .debug_ranges  0x00000000      0x928 _build/nrf52832_xxaa/boards.c.o
 .debug_ranges  0x00000928       0x28 _build/nrf52832_xxaa/heap_1.c.o
 .debug_ranges  0x00000950       0x30 _build/nrf52832_xxaa/list.c.o
 .debug_ranges  0x00000980       0x20 _build/nrf52832_xxaa/port.c.o
 .debug_ranges  0x000009a0       0x80 _build/nrf52832_xxaa/port_cmsis.c.o
 .debug_ranges  0x00000a20      0x258 _build/nrf52832_xxaa/port_cmsis_systick.c.o
 .debug_ranges  0x00000c78      0x588 _build/nrf52832_xxaa/queue.c.o
 .debug_ranges  0x00001200      0x808 _build/nrf52832_xxaa/tasks.c.o
 .debug_ranges  0x00001a08      0x248 _build/nrf52832_xxaa/timers.c.o
 .debug_ranges  0x00001c50       0x18 _build/nrf52832_xxaa/app_error.c.o
 .debug_ranges  0x00001c68       0x10 _build/nrf52832_xxaa/app_error_weak.c.o
 .debug_ranges  0x00001c78       0x38 _build/nrf52832_xxaa/app_util_platform.c.o
 .debug_ranges  0x00001cb0      0x178 _build/nrf52832_xxaa/nrf_drv_clock.c.o
 .debug_ranges  0x00001e28      0x300 _build/nrf52832_xxaa/nrfx_clock.c.o
 .debug_ranges  0x00002128     0x1368 _build/nrf52832_xxaa/nrfx_gpiote.c.o
 .debug_ranges  0x00003490       0x38 _build/nrf52832_xxaa/main.c.o
 .debug_ranges  0x000034c8      0x188 _build/nrf52832_xxaa/system_nrf52.c.o

.debug_macro    0x00000000     0x6014
 .debug_macro   0x00000000      0x33e _build/nrf52832_xxaa/boards.c.o
 .debug_macro   0x0000033e       0xfb _build/nrf52832_xxaa/boards.c.o
 .debug_macro   0x00000439       0x40 _build/nrf52832_xxaa/boards.c.o
 .debug_macro   0x00000479      0x3dc _build/nrf52832_xxaa/boards.c.o
 .debug_macro   0x00000855       0x59 _build/nrf52832_xxaa/boards.c.o
 .debug_macro   0x000008ae       0xd5 _build/nrf52832_xxaa/boards.c.o
 .debug_macro   0x00000983      0x131 _build/nrf52832_xxaa/boards.c.o
 .debug_macro   0x00000ab4       0x3f _build/nrf52832_xxaa/boards.c.o
 .debug_macro   0x00000af3       0x16 _build/nrf52832_xxaa/boards.c.o
 .debug_macro   0x00000b09       0x10 _build/nrf52832_xxaa/boards.c.o
 .debug_macro   0x00000b19       0xbe _build/nrf52832_xxaa/boards.c.o
 .debug_macro   0x00000bd7       0x16 _build/nrf52832_xxaa/boards.c.o
 .debug_macro   0x00000bed      0x129 _build/nrf52832_xxaa/boards.c.o
 .debug_macro   0x00000d16       0x49 _build/nrf52832_xxaa/boards.c.o
 .debug_macro   0x00000d5f       0x8c _build/nrf52832_xxaa/boards.c.o
 .debug_macro   0x00000deb       0x19 _build/nrf52832_xxaa/boards.c.o
 .debug_macro   0x00000e04       0x1d _build/nrf52832_xxaa/boards.c.o
 .debug_macro   0x00000e21       0x35 _build/nrf52832_xxaa/boards.c.o
 .debug_macro   0x00000e56       0x7b _build/nrf52832_xxaa/boards.c.o
 .debug_macro   0x00000ed1       0x64 _build/nrf52832_xxaa/boards.c.o
 .debug_macro   0x00000f35       0x20 _build/nrf52832_xxaa/boards.c.o
 .debug_macro   0x00000f55       0x1c _build/nrf52832_xxaa/boards.c.o
 .debug_macro   0x00000f71      0x15f _build/nrf52832_xxaa/boards.c.o
 .debug_macro   0x000010d0      0x16d _build/nrf52832_xxaa/boards.c.o
 .debug_macro   0x0000123d      0x305 _build/nrf52832_xxaa/heap_1.c.o
 .debug_macro   0x00001542      0x2e4 _build/nrf52832_xxaa/list.c.o
 .debug_macro   0x00001826      0x2d4 _build/nrf52832_xxaa/port.c.o
 .debug_macro   0x00001afa      0x2fe _build/nrf52832_xxaa/port_cmsis.c.o
 .debug_macro   0x00001df8      0x3c9 _build/nrf52832_xxaa/port_cmsis_systick.c.o
 .debug_macro   0x000021c1       0x45 _build/nrf52832_xxaa/port_cmsis_systick.c.o
 .debug_macro   0x00002206       0x28 _build/nrf52832_xxaa/port_cmsis_systick.c.o
 .debug_macro   0x0000222e       0x16 _build/nrf52832_xxaa/port_cmsis_systick.c.o
 .debug_macro   0x00002244       0x10 _build/nrf52832_xxaa/port_cmsis_systick.c.o
 .debug_macro   0x00002254      0x356 _build/nrf52832_xxaa/queue.c.o
 .debug_macro   0x000025aa       0x16 _build/nrf52832_xxaa/queue.c.o
 .debug_macro   0x000025c0       0x86 _build/nrf52832_xxaa/queue.c.o
 .debug_macro   0x00002646      0x3be _build/nrf52832_xxaa/tasks.c.o
 .debug_macro   0x00002a04       0x10 _build/nrf52832_xxaa/tasks.c.o
 .debug_macro   0x00002a14      0x327 _build/nrf52832_xxaa/timers.c.o
 .debug_macro   0x00002d3b      0x21d _build/nrf52832_xxaa/app_error.c.o
 .debug_macro   0x00002f58       0x97 _build/nrf52832_xxaa/app_error.c.o
 .debug_macro   0x00002fef       0xf6 _build/nrf52832_xxaa/app_error.c.o
 .debug_macro   0x000030e5      0x312 _build/nrf52832_xxaa/app_error_weak.c.o
 .debug_macro   0x000033f7       0x31 _build/nrf52832_xxaa/app_error_weak.c.o
 .debug_macro   0x00003428       0x16 _build/nrf52832_xxaa/app_error_weak.c.o
 .debug_macro   0x0000343e      0x17f _build/nrf52832_xxaa/app_error_weak.c.o
 .debug_macro   0x000035bd       0x28 _build/nrf52832_xxaa/app_error_weak.c.o
 .debug_macro   0x000035e5       0x23 _build/nrf52832_xxaa/app_error_weak.c.o
 .debug_macro   0x00003608       0x1c _build/nrf52832_xxaa/app_error_weak.c.o
 .debug_macro   0x00003624       0x92 _build/nrf52832_xxaa/app_error_weak.c.o
 .debug_macro   0x000036b6      0x239 _build/nrf52832_xxaa/app_util_platform.c.o
 .debug_macro   0x000038ef      0x408 _build/nrf52832_xxaa/nrf_drv_clock.c.o
 .debug_macro   0x00003cf7       0x16 _build/nrf52832_xxaa/nrf_drv_clock.c.o
 .debug_macro   0x00003d0d      0x3e9 _build/nrf52832_xxaa/nrfx_clock.c.o
 .debug_macro   0x000040f6       0x1c _build/nrf52832_xxaa/nrfx_clock.c.o
 .debug_macro   0x00004112       0x42 _build/nrf52832_xxaa/nrfx_clock.c.o
 .debug_macro   0x00004154      0x41b _build/nrf52832_xxaa/nrfx_gpiote.c.o
 .debug_macro   0x0000456f       0x22 _build/nrf52832_xxaa/nrfx_gpiote.c.o
 .debug_macro   0x00004591       0x16 _build/nrf52832_xxaa/nrfx_gpiote.c.o
 .debug_macro   0x000045a7      0x422 _build/nrf52832_xxaa/main.c.o
 .debug_macro   0x000049c9      0x151 _build/nrf52832_xxaa/system_nrf52.c.o
 .debug_macro   0x00004b1a      0x44e _build/nrf52832_xxaa/system_nrf52.c.o
 .debug_macro   0x00004f68      0xa28 _build/nrf52832_xxaa/system_nrf52.c.o
 .debug_macro   0x00005990      0x520 _build/nrf52832_xxaa/system_nrf52.c.o
 .debug_macro   0x00005eb0      0x164 _build/nrf52832_xxaa/system_nrf52.c.o

.debug_frame    0x00000000     0x1570
 .debug_frame   0x00000000       0xf4 _build/nrf52832_xxaa/boards.c.o
 .debug_frame   0x000000f4       0x5c _build/nrf52832_xxaa/heap_1.c.o
 .debug_frame   0x00000150       0x70 _build/nrf52832_xxaa/list.c.o
 .debug_frame   0x000001c0       0x40 _build/nrf52832_xxaa/port.c.o
 .debug_frame   0x00000200       0x84 _build/nrf52832_xxaa/port_cmsis.c.o
 .debug_frame   0x00000284       0x74 _build/nrf52832_xxaa/port_cmsis_systick.c.o
 .debug_frame   0x000002f8      0x304 _build/nrf52832_xxaa/queue.c.o
 .debug_frame   0x000005fc      0x64c _build/nrf52832_xxaa/tasks.c.o
 .debug_frame   0x00000c48      0x1d4 _build/nrf52832_xxaa/timers.c.o
 .debug_frame   0x00000e1c       0x4c _build/nrf52832_xxaa/app_error.c.o
 .debug_frame   0x00000e68       0x20 _build/nrf52832_xxaa/app_error_weak.c.o
 .debug_frame   0x00000e88       0x70 _build/nrf52832_xxaa/app_util_platform.c.o
 .debug_frame   0x00000ef8      0x168 _build/nrf52832_xxaa/nrf_drv_clock.c.o
 .debug_frame   0x00001060      0x128 _build/nrf52832_xxaa/nrfx_clock.c.o
 .debug_frame   0x00001188      0x278 _build/nrf52832_xxaa/nrfx_gpiote.c.o
 .debug_frame   0x00001400       0x54 _build/nrf52832_xxaa/main.c.o
 .debug_frame   0x00001454       0x60 _build/nrf52832_xxaa/system_nrf52.c.o
 .debug_frame   0x000014b4       0x28 c:/program files (x86)/gnu arm embedded toolchain/10 2021.10/bin/../lib/gcc/arm-none-eabi/10.3.1/../../../../arm-none-eabi/lib/thumb/v7e-m+fp/hard\libc_nano.a(lib_a-exit.o)
 .debug_frame   0x000014dc       0x2c c:/program files (x86)/gnu arm embedded toolchain/10 2021.10/bin/../lib/gcc/arm-none-eabi/10.3.1/../../../../arm-none-eabi/lib/thumb/v7e-m+fp/hard\libc_nano.a(lib_a-init.o)
 .debug_frame   0x00001508       0x28 c:/program files (x86)/gnu arm embedded toolchain/10 2021.10/bin/../lib/gcc/arm-none-eabi/10.3.1/../../../../arm-none-eabi/lib/thumb/v7e-m+fp/hard\libc_nano.a(lib_a-memcpy-stub.o)
 .debug_frame   0x00001530       0x20 c:/program files (x86)/gnu arm embedded toolchain/10 2021.10/bin/../lib/gcc/arm-none-eabi/10.3.1/../../../../arm-none-eabi/lib/thumb/v7e-m+fp/hard\libc_nano.a(lib_a-memset.o)
 .debug_frame   0x00001550       0x20 c:/program files (x86)/gnu arm embedded toolchain/10 2021.10/bin/../lib/gcc/arm-none-eabi/10.3.1/../../../../arm-none-eabi/lib/thumb/v7e-m+fp/hard\libnosys.a(_exit.o)
