Archive member included to satisfy reference by file (symbol)

C:/Program Files/SEGGER/SEGGER Embedded Studio for ARM 7.32/lib/libc_v7em_fpv4_sp_d16_hard_t_le_eabi_balanced.a(__SEGGER_RTL_vfprintf_long.o)
                              (__SEGGER_RTL_vfprintf_long)
C:/Program Files/SEGGER/SEGGER Embedded Studio for ARM 7.32/lib/libc_v7em_fpv4_sp_d16_hard_t_le_eabi_balanced.a(__SEGGER_RTL_vfscanf_long.o)
                              (__SEGGER_RTL_vfscanf_long)
C:/Program Files/SEGGER/SEGGER Embedded Studio for ARM 7.32/lib/libc_v7em_fpv4_sp_d16_hard_t_le_eabi_balanced.a(mbops.o)
                              C:/Program Files/SEGGER/SEGGER Embedded Studio for ARM 7.32/lib/libc_v7em_fpv4_sp_d16_hard_t_le_eabi_balanced.a(__SEGGER_RTL_vfscanf_long.o) (isdigit)
C:/Program Files/SEGGER/SEGGER Embedded Studio for ARM 7.32/lib/libc_v7em_fpv4_sp_d16_hard_t_le_eabi_balanced.a(sortops.o)
                              C:/Program Files/SEGGER/SEGGER Embedded Studio for ARM 7.32/lib/libc_v7em_fpv4_sp_d16_hard_t_le_eabi_balanced.a(mbops.o) (bsearch)
C:/Program Files/SEGGER/SEGGER Embedded Studio for ARM 7.32/lib/libc_v7em_fpv4_sp_d16_hard_t_le_eabi_balanced.a(timeops.o)
                              C:/Program Files/SEGGER/SEGGER Embedded Studio for ARM 7.32/lib/libc_v7em_fpv4_sp_d16_hard_t_le_eabi_balanced.a(mbops.o) (__SEGGER_RTL_string_list_encode)
C:/Program Files/SEGGER/SEGGER Embedded Studio for ARM 7.32/lib/libc_v7em_fpv4_sp_d16_hard_t_le_eabi_balanced.a(utilops.o)
                              C:/Program Files/SEGGER/SEGGER Embedded Studio for ARM 7.32/lib/libc_v7em_fpv4_sp_d16_hard_t_le_eabi_balanced.a(__SEGGER_RTL_vfscanf_long.o) (__SEGGER_RTL_digit)
C:/Program Files/SEGGER/SEGGER Embedded Studio for ARM 7.32/lib/libc_v7em_fpv4_sp_d16_hard_t_le_eabi_balanced.a(floatasmops_arm.o)
                              C:/Program Files/SEGGER/SEGGER Embedded Studio for ARM 7.32/lib/libc_v7em_fpv4_sp_d16_hard_t_le_eabi_balanced.a(utilops.o) (__aeabi_dmul)
C:/Program Files/SEGGER/SEGGER Embedded Studio for ARM 7.32/lib/libc_v7em_fpv4_sp_d16_hard_t_le_eabi_balanced.a(intasmops_arm.o)
                              C:/Program Files/SEGGER/SEGGER Embedded Studio for ARM 7.32/lib/libc_v7em_fpv4_sp_d16_hard_t_le_eabi_balanced.a(__SEGGER_RTL_vfprintf_long.o) (__aeabi_uldivmod)
C:/Program Files/SEGGER/SEGGER Embedded Studio for ARM 7.32/lib/libc_v7em_fpv4_sp_d16_hard_t_le_eabi_balanced.a(prinops.o)
                              C:/Program Files/SEGGER/SEGGER Embedded Studio for ARM 7.32/lib/libc_v7em_fpv4_sp_d16_hard_t_le_eabi_balanced.a(__SEGGER_RTL_vfprintf_long.o) (__SEGGER_RTL_putc)
C:/Program Files/SEGGER/SEGGER Embedded Studio for ARM 7.32/lib/libc_v7em_fpv4_sp_d16_hard_t_le_eabi_balanced.a(errno.o)
                              C:/Program Files/SEGGER/SEGGER Embedded Studio for ARM 7.32/lib/libc_v7em_fpv4_sp_d16_hard_t_le_eabi_balanced.a(mbops.o) (__aeabi_errno_addr)
C:/Program Files/SEGGER/SEGGER Embedded Studio for ARM 7.32/lib/libc_v7em_fpv4_sp_d16_hard_t_le_eabi_balanced.a(fileops.o)
                              C:/Program Files/SEGGER/SEGGER Embedded Studio for ARM 7.32/lib/libc_v7em_fpv4_sp_d16_hard_t_le_eabi_balanced.a(prinops.o) (fwrite)
C:/Program Files/SEGGER/SEGGER Embedded Studio for ARM 7.32/lib/libc_v7em_fpv4_sp_d16_hard_t_le_eabi_balanced.a(intops.o)
                              C:/Program Files/SEGGER/SEGGER Embedded Studio for ARM 7.32/lib/libc_v7em_fpv4_sp_d16_hard_t_le_eabi_balanced.a(timeops.o) (div)
C:/Program Files/SEGGER/SEGGER Embedded Studio for ARM 7.32/lib/heapops_basic_v7em_fpv4_sp_d16_hard_t_le_eabi_balanced.a(heapops_basic.o)
                              Output/Debug/Obj/blinky_FreeRTOS_d52/thumb_crt0.o (__SEGGER_RTL_init_heap)
C:/Program Files/SEGGER/SEGGER Embedded Studio for ARM 7.32/lib/heapops_disable_interrupts_locking_v7em_fpv4_sp_d16_hard_t_le_eabi_balanced.a(heapops.o)
                              C:/Program Files/SEGGER/SEGGER Embedded Studio for ARM 7.32/lib/libc_v7em_fpv4_sp_d16_hard_t_le_eabi_balanced.a(mbops.o) (malloc)
C:/Program Files/SEGGER/SEGGER Embedded Studio for ARM 7.32/lib/strops_unaligned_v7em_fpv4_sp_d16_hard_t_le_eabi_balanced.a(strops.o)
                              C:/Program Files/SEGGER/SEGGER Embedded Studio for ARM 7.32/lib/libc_v7em_fpv4_sp_d16_hard_t_le_eabi_balanced.a(timeops.o) (mempcpy)
C:/Program Files/SEGGER/SEGGER Embedded Studio for ARM 7.32/lib/strops_unaligned_v7em_fpv4_sp_d16_hard_t_le_eabi_balanced.a(strasmops_arm.o)
                              C:/Program Files/SEGGER/SEGGER Embedded Studio for ARM 7.32/lib/libc_v7em_fpv4_sp_d16_hard_t_le_eabi_balanced.a(timeops.o) (strcmp)
C:/Program Files/SEGGER/SEGGER Embedded Studio for ARM 7.32/lib/libc_v7em_fpv4_sp_d16_hard_t_le_eabi_balanced.a(execops.o)
                              C:/Program Files/SEGGER/SEGGER Embedded Studio for ARM 7.32/lib/strops_unaligned_v7em_fpv4_sp_d16_hard_t_le_eabi_balanced.a(strops.o) (__SEGGER_RTL_constraint_violation)
[...]
Memory Configuration

Name             Origin             Length             Attributes
UNPLACED_SECTIONS 0x0000000100000000 0x0000000000000000 xw
RAM1             0x0000000020000000 0x0000000000010000 xw
FLASH1           0x0000000000000000 0x0000000000080000 xw
*default*        0x0000000000000000 0xffffffffffffffff

Linker script and memory map

                0x0000000020000000                __RAM1_segment_start__ = 0x20000000
                0x0000000020010000                __RAM1_segment_end__ = 0x20010000
                0x0000000000010000                __RAM1_segment_size__ = 0x10000
                0x0000000000000000                __FLASH1_segment_start__ = 0x0
                0x0000000000080000                __FLASH1_segment_end__ = 0x80000
                0x0000000000080000                __FLASH1_segment_size__ = 0x80000
                0x0000000000002000                __HEAPSIZE__ = 0x2000
                0x0000000000000000                __SEGGER_RTL_vfprintf = __SEGGER_RTL_vfprintf_long
                0x0000000000000000                __SEGGER_RTL_vfscanf = __SEGGER_RTL_vfscanf_long
                0x0000000000000000                __STACKSIZE_PROCESS__ = 0x0
                0x0000000000002000                __STACKSIZE__ = 0x2000
                0x0000000020000000                __vectors_ram_load_start__ = 0x20000000

.vectors_ram    0x0000000020000000        0x0
                0x0000000020000000                __vectors_ram_start__ = .
                0x0000000020000000                __app_ram_start__ = __vectors_ram_start__
 *(.vectors_ram .vectors_ram.*)
                0x0000000020000000                __vectors_ram_end__ = (__vectors_ram_start__ + SIZEOF (.vectors_ram))
                0x0000000000000000                __vectors_ram_size__ = SIZEOF (.vectors_ram)
                0x0000000020000000                __vectors_ram_load_end__ = __vectors_ram_end__
                0x0000000000000001                . = ASSERT (((__vectors_ram_start__ == __vectors_ram_end__) || ((__vectors_ram_end__ - __RAM1_segment_start__) <= __RAM1_segment_size__)), error: .vectors_ram is too large to fit in RAM1 memory segment)
                0x0000000020000000                __nrf_sections_run_load_start__ = ALIGN (__vectors_ram_end__, 0x4)

.nrf_sections_run
                0x0000000020000000        0x0
                0x0000000020000000                __nrf_sections_run_start__ = .
                0x0000000020000000                __start_nrf_sections_run = __nrf_sections_run_start__
 *(.nrf_sections_run .nrf_sections_run.*)
                0x0000000020000000                __nrf_sections_run_end__ = (__nrf_sections_run_start__ + SIZEOF (.nrf_sections_run))
                0x0000000000000000                __nrf_sections_run_size__ = SIZEOF (.nrf_sections_run)
                0x0000000020000000                __nrf_sections_run_load_end__ = __nrf_sections_run_end__
                0x0000000000000001                . = ASSERT (((__nrf_sections_run_start__ == __nrf_sections_run_end__) || ((__nrf_sections_run_end__ - __RAM1_segment_start__) <= __RAM1_segment_size__)), error: .nrf_sections_run is too large to fit in RAM1 memory segment)
                0x0000000000000000                __vectors_load_start__ = 0x0

.vectors        0x0000000000000000      0x200
                0x0000000000000000                __vectors_start__ = .
 *(.vectors .vectors.*)
 .vectors       0x0000000000000000      0x200 Output/Debug/Obj/blinky_FreeRTOS_d52/ses_startup_nrf52.o
                0x0000000000000000                _vectors
                0x0000000000000200                __vectors_end__ = (__vectors_start__ + SIZEOF (.vectors))
                0x0000000000000200                __vectors_size__ = SIZEOF (.vectors)
                0x0000000000000200                __vectors_load_end__ = __vectors_end__
                0x0000000000000001                . = ASSERT (((__vectors_start__ == __vectors_end__) || ((__vectors_end__ - __FLASH1_segment_start__) <= __FLASH1_segment_size__)), error: .vectors is too large to fit in FLASH1 memory segment)
                0x0000000000000200                __init_load_start__ = ALIGN (__vectors_end__, 0x4)

.init           0x0000000000000200      0x1e4
                0x0000000000000200                __init_start__ = .
 *(.init .init.*)
 .init          0x0000000000000200      0x170 Output/Debug/Obj/blinky_FreeRTOS_d52/thumb_crt0.o
                0x0000000000000200                _start
                0x00000000000002ae                exit
                0x00000000000002ae                _Exit
 .init          0x0000000000000370       0x18 Output/Debug/Obj/blinky_FreeRTOS_d52/ses_startup_nrf52.o
                0x0000000000000370                NMI_Handler
                0x0000000000000372                HardFault_Handler
                0x0000000000000374                MemoryManagement_Handler
                0x0000000000000376                BusFault_Handler
                0x0000000000000378                UsageFault_Handler
                0x000000000000037c                DebugMon_Handler
                0x0000000000000380                SysTick_Handler
                0x0000000000000382                PWM1_IRQHandler
                0x0000000000000382                SWI2_EGU2_IRQHandler
                0x0000000000000382                RTC0_IRQHandler
                0x0000000000000382                RADIO_IRQHandler
                0x0000000000000382                PDM_IRQHandler
                0x0000000000000382                TEMP_IRQHandler
                0x0000000000000382                QDEC_IRQHandler
                0x0000000000000382                TIMER3_IRQHandler
                0x0000000000000382                FPU_IRQHandler
                0x0000000000000382                SPIM0_SPIS0_TWIM0_TWIS0_SPI0_TWI0_IRQHandler
                0x0000000000000382                SWI0_EGU0_IRQHandler
                0x0000000000000382                UARTE0_UART0_IRQHandler
                0x0000000000000382                TIMER4_IRQHandler
                0x0000000000000382                I2S_IRQHandler
                0x0000000000000382                SWI4_EGU4_IRQHandler
                0x0000000000000382                TIMER0_IRQHandler
                0x0000000000000382                Dummy_Handler
                0x0000000000000382                TIMER1_IRQHandler
                0x0000000000000382                PWM2_IRQHandler
                0x0000000000000382                ECB_IRQHandler
                0x0000000000000382                SPIM1_SPIS1_TWIM1_TWIS1_SPI1_TWI1_IRQHandler
                0x0000000000000382                SAADC_IRQHandler
                0x0000000000000382                CCM_AAR_IRQHandler
                0x0000000000000382                WDT_IRQHandler
                0x0000000000000382                SWI5_EGU5_IRQHandler
                0x0000000000000382                RNG_IRQHandler
                0x0000000000000382                RTC2_IRQHandler
                0x0000000000000382                PWM0_IRQHandler
                0x0000000000000382                SWI3_EGU3_IRQHandler
                0x0000000000000382                SWI1_EGU1_IRQHandler
                0x0000000000000382                SPIM2_SPIS2_SPI2_IRQHandler
                0x0000000000000382                NFCT_IRQHandler
                0x0000000000000382                TIMER2_IRQHandler
                0x0000000000000382                MWU_IRQHandler
                0x0000000000000382                COMP_LPCOMP_IRQHandler
                0x0000000000000384                nRFInitialize
 .init          0x0000000000000388       0x5c Output/Debug/Obj/blinky_FreeRTOS_d52/ses_startup_nrf_common.o
                0x0000000000000388                Reset_Handler
                0x000000000000038c                afterInitialize
                0x00000000000003b0                InitializeUserMemorySections
                0x00000000000003e4                __init_end__ = (__init_start__ + SIZEOF (.init))
                0x00000000000001e4                __init_size__ = SIZEOF (.init)
                0x00000000000003e4                __init_load_end__ = __init_end__
                0x0000000000000001                . = ASSERT (((__init_start__ == __init_end__) || ((__init_end__ - __FLASH1_segment_start__) <= __FLASH1_segment_size__)), error: .init is too large to fit in FLASH1 memory segment)
                0x00000000000003e4                __init_rodata_load_start__ = ALIGN (__init_end__, 0x4)

.init_rodata    0x00000000000003e4        0x0
                0x00000000000003e4                __init_rodata_start__ = .
 *(.init_rodata .init_rodata.*)
                0x00000000000003e4                __init_rodata_end__ = (__init_rodata_start__ + SIZEOF (.init_rodata))
                0x0000000000000000                __init_rodata_size__ = SIZEOF (.init_rodata)
                0x00000000000003e4                __init_rodata_load_end__ = __init_rodata_end__
                0x0000000000000001                . = ASSERT (((__init_rodata_start__ == __init_rodata_end__) || ((__init_rodata_end__ - __FLASH1_segment_start__) <= __FLASH1_segment_size__)), error: .init_rodata is too large to fit in FLASH1 memory segment)
                0x00000000000003e4                __text_load_start__ = ALIGN (__init_rodata_end__, 0x4)

.text           0x00000000000003e4     0x3f94
                0x00000000000003e4                __text_start__ = .
 *(.text .text.* .gnu.linkonce.t.* .glue_7t .glue_7 .gcc_except_table .ARM.extab* .gnu.linkonce.armextab.*)
 .glue_7        0x00000000000003e4        0x0 linker stubs
 .glue_7t       0x00000000000003e4        0x0 linker stubs
 .text.nrf_gpio_pin_port_decode
                0x00000000000003e4       0x30 Output/Debug/Obj/blinky_FreeRTOS_d52/boards.o
 .text.nrf_gpio_cfg
                0x0000000000000414       0x62 Output/Debug/Obj/blinky_FreeRTOS_d52/boards.o
 .text.nrf_gpio_cfg_output
                0x0000000000000476       0x22 Output/Debug/Obj/blinky_FreeRTOS_d52/boards.o
 .text.nrf_gpio_cfg_input
                0x0000000000000498       0x2a Output/Debug/Obj/blinky_FreeRTOS_d52/boards.o
 .text.nrf_gpio_pin_set
                0x00000000000004c2       0x28 Output/Debug/Obj/blinky_FreeRTOS_d52/boards.o
 .text.nrf_gpio_pin_clear
                0x00000000000004ea       0x28 Output/Debug/Obj/blinky_FreeRTOS_d52/boards.o
 .text.nrf_gpio_pin_toggle
                0x0000000000000512       0x44 Output/Debug/Obj/blinky_FreeRTOS_d52/boards.o
 .text.nrf_gpio_pin_write
                0x0000000000000556       0x24 Output/Debug/Obj/blinky_FreeRTOS_d52/boards.o
 .text.nrf_gpio_port_out_set
                0x000000000000057a       0x14 Output/Debug/Obj/blinky_FreeRTOS_d52/boards.o
 .text.nrf_gpio_port_out_clear
                0x000000000000058e       0x14 Output/Debug/Obj/blinky_FreeRTOS_d52/boards.o
 .text.nrf_gpio_pin_present_check
                0x00000000000005a2       0x40 Output/Debug/Obj/blinky_FreeRTOS_d52/boards.o
 *fill*         0x00000000000005e2        0x2 
 .text.bsp_board_led_off
                0x00000000000005e4       0x34 Output/Debug/Obj/blinky_FreeRTOS_d52/boards.o
                0x00000000000005e4                bsp_board_led_off
 .text.bsp_board_leds_off
                0x0000000000000618       0x26 Output/Debug/Obj/blinky_FreeRTOS_d52/boards.o
                0x0000000000000618                bsp_board_leds_off
 *fill*         0x000000000000063e        0x2 
 .text.bsp_board_led_invert
                0x0000000000000640       0x34 Output/Debug/Obj/blinky_FreeRTOS_d52/boards.o
                0x0000000000000640                bsp_board_led_invert
 .text.bsp_board_leds_init
                0x0000000000000674       0x34 Output/Debug/Obj/blinky_FreeRTOS_d52/boards.o
 .text.bsp_board_buttons_init
                0x00000000000006a8       0x34 Output/Debug/Obj/blinky_FreeRTOS_d52/boards.o
 .text.bsp_board_init
                0x00000000000006dc       0x2a Output/Debug/Obj/blinky_FreeRTOS_d52/boards.o
                0x00000000000006dc                bsp_board_init
 *fill*         0x0000000000000706        0x2 
 .text.pvPortMalloc
                0x0000000000000708       0x88 Output/Debug/Obj/blinky_FreeRTOS_d52/heap_1.o
                0x0000000000000708                pvPortMalloc
 .text.vPortFree
                0x0000000000000790       0x20 Output/Debug/Obj/blinky_FreeRTOS_d52/heap_1.o
                0x0000000000000790                vPortFree
 .text.vListInitialise
                0x00000000000007b0       0x36 Output/Debug/Obj/blinky_FreeRTOS_d52/list.o
                0x00000000000007b0                vListInitialise
 .text.vListInitialiseItem
                0x00000000000007e6       0x10 Output/Debug/Obj/blinky_FreeRTOS_d52/list.o
                0x00000000000007e6                vListInitialiseItem
 .text.vListInsertEnd
                0x00000000000007f6       0x3e Output/Debug/Obj/blinky_FreeRTOS_d52/list.o
                0x00000000000007f6                vListInsertEnd
 .text.vListInsert
                0x0000000000000834       0x68 Output/Debug/Obj/blinky_FreeRTOS_d52/list.o
                0x0000000000000834                vListInsert
 .text.uxListRemove
                0x000000000000089c       0x4a Output/Debug/Obj/blinky_FreeRTOS_d52/list.o
                0x000000000000089c                uxListRemove
 *fill*         0x00000000000008e6        0x2 
 .text.vPortStartFirstTask
                0x00000000000008e8       0x20 Output/Debug/Obj/blinky_FreeRTOS_d52/port.o
                0x00000000000008e8                vPortStartFirstTask
 .text.SVC_Handler
                0x0000000000000908       0x24 Output/Debug/Obj/blinky_FreeRTOS_d52/port.o
                0x0000000000000908                SVC_Handler
 .text.PendSV_Handler
                0x000000000000092c       0x64 Output/Debug/Obj/blinky_FreeRTOS_d52/port.o
                0x000000000000092c                PendSV_Handler
 .text.__NVIC_GetPriorityGrouping
                0x0000000000000990       0x14 Output/Debug/Obj/blinky_FreeRTOS_d52/port_cmsis.o
 .text.__NVIC_SetPriority
                0x00000000000009a4       0x50 Output/Debug/Obj/blinky_FreeRTOS_d52/port_cmsis.o
 .text.pxPortInitialiseStack
                0x00000000000009f4       0x60 Output/Debug/Obj/blinky_FreeRTOS_d52/port_cmsis.o
                0x00000000000009f4                pxPortInitialiseStack
 .text.prvTaskExitError
                0x0000000000000a54       0x2c Output/Debug/Obj/blinky_FreeRTOS_d52/port_cmsis.o
 .text.xPortStartScheduler
                0x0000000000000a80       0xe8 Output/Debug/Obj/blinky_FreeRTOS_d52/port_cmsis.o
                0x0000000000000a80                xPortStartScheduler
 .text.vPortEnterCritical
                0x0000000000000b68       0x4c Output/Debug/Obj/blinky_FreeRTOS_d52/port_cmsis.o
                0x0000000000000b68                vPortEnterCritical
 .text.vPortExitCritical
                0x0000000000000bb4       0x44 Output/Debug/Obj/blinky_FreeRTOS_d52/port_cmsis.o
                0x0000000000000bb4                vPortExitCritical
 .text.vPortEnableVFP
                0x0000000000000bf8       0x18 Output/Debug/Obj/blinky_FreeRTOS_d52/port_cmsis.o
 .text.vPortValidateInterruptPriority
                0x0000000000000c10       0x78 Output/Debug/Obj/blinky_FreeRTOS_d52/port_cmsis.o
                0x0000000000000c10                vPortValidateInterruptPriority
 .text.__NVIC_EnableIRQ
                0x0000000000000c88       0x34 Output/Debug/Obj/blinky_FreeRTOS_d52/port_cmsis_systick.o
 .text.__NVIC_ClearPendingIRQ
                0x0000000000000cbc       0x38 Output/Debug/Obj/blinky_FreeRTOS_d52/port_cmsis_systick.o
 .text.__NVIC_SetPriority
                0x0000000000000cf4       0x50 Output/Debug/Obj/blinky_FreeRTOS_d52/port_cmsis_systick.o
 .text.ulPortRaiseBASEPRI
                0x0000000000000d44       0x20 Output/Debug/Obj/blinky_FreeRTOS_d52/port_cmsis_systick.o
 .text.nrf_rtc_cc_set
                0x0000000000000d64       0x1c Output/Debug/Obj/blinky_FreeRTOS_d52/port_cmsis_systick.o
 .text.nrf_rtc_int_enable
                0x0000000000000d80       0x14 Output/Debug/Obj/blinky_FreeRTOS_d52/port_cmsis_systick.o
 .text.nrf_rtc_int_disable
                0x0000000000000d94       0x14 Output/Debug/Obj/blinky_FreeRTOS_d52/port_cmsis_systick.o
 .text.nrf_rtc_event_clear
                0x0000000000000da8       0x2a Output/Debug/Obj/blinky_FreeRTOS_d52/port_cmsis_systick.o
 .text.nrf_rtc_counter_get
                0x0000000000000dd2       0x10 Output/Debug/Obj/blinky_FreeRTOS_d52/port_cmsis_systick.o
 *fill*         0x0000000000000de2        0x2 
 .text.nrf_rtc_prescaler_set
                0x0000000000000de4       0x30 Output/Debug/Obj/blinky_FreeRTOS_d52/port_cmsis_systick.o
 .text.nrf_rtc_task_trigger
                0x0000000000000e14       0x1e Output/Debug/Obj/blinky_FreeRTOS_d52/port_cmsis_systick.o
 .text.nrf_rtc_event_enable
                0x0000000000000e32       0x14 Output/Debug/Obj/blinky_FreeRTOS_d52/port_cmsis_systick.o
 *fill*         0x0000000000000e46        0x2 
 .text.RTC1_IRQHandler
                0x0000000000000e48       0x94 Output/Debug/Obj/blinky_FreeRTOS_d52/port_cmsis_systick.o
                0x0000000000000e48                RTC1_IRQHandler
 .text.vPortSetupTimerInterrupt
                0x0000000000000edc       0x48 Output/Debug/Obj/blinky_FreeRTOS_d52/port_cmsis_systick.o
                0x0000000000000edc                vPortSetupTimerInterrupt
 .text.vPortSuppressTicksAndSleep
                0x0000000000000f24       0xf0 Output/Debug/Obj/blinky_FreeRTOS_d52/port_cmsis_systick.o
                0x0000000000000f24                vPortSuppressTicksAndSleep
 .text.ulPortRaiseBASEPRI
                0x0000000000001014       0x20 Output/Debug/Obj/blinky_FreeRTOS_d52/queue.o
 .text.xQueueGenericReset
                0x0000000000001034       0xc8 Output/Debug/Obj/blinky_FreeRTOS_d52/queue.o
                0x0000000000001034                xQueueGenericReset
 .text.xQueueGenericCreate
                0x00000000000010fc       0x70 Output/Debug/Obj/blinky_FreeRTOS_d52/queue.o
                0x00000000000010fc                xQueueGenericCreate
 .text.prvInitialiseNewQueue
                0x000000000000116c       0x3e Output/Debug/Obj/blinky_FreeRTOS_d52/queue.o
 *fill*         0x00000000000011aa        0x2 
 .text.xQueueGenericSend
                0x00000000000011ac      0x1c0 Output/Debug/Obj/blinky_FreeRTOS_d52/queue.o
                0x00000000000011ac                xQueueGenericSend
 .text.xQueueGenericSendFromISR
                0x000000000000136c       0xe4 Output/Debug/Obj/blinky_FreeRTOS_d52/queue.o
                0x000000000000136c                xQueueGenericSendFromISR
 .text.xQueueReceive
                0x0000000000001450      0x194 Output/Debug/Obj/blinky_FreeRTOS_d52/queue.o
                0x0000000000001450                xQueueReceive
 .text.prvCopyDataToQueue
                0x00000000000015e4       0xd2 Output/Debug/Obj/blinky_FreeRTOS_d52/queue.o
 .text.prvCopyDataFromQueue
                0x00000000000016b6       0x4a Output/Debug/Obj/blinky_FreeRTOS_d52/queue.o
 .text.prvUnlockQueue
                0x0000000000001700       0xae Output/Debug/Obj/blinky_FreeRTOS_d52/queue.o
 .text.prvIsQueueEmpty
                0x00000000000017ae       0x2a Output/Debug/Obj/blinky_FreeRTOS_d52/queue.o
 .text.prvIsQueueFull
                0x00000000000017d8       0x2e Output/Debug/Obj/blinky_FreeRTOS_d52/queue.o
 *fill*         0x0000000000001806        0x2 
 .text.vQueueAddToRegistry
                0x0000000000001808       0x48 Output/Debug/Obj/blinky_FreeRTOS_d52/queue.o
                0x0000000000001808                vQueueAddToRegistry
 .text.vQueueWaitForMessageRestricted
                0x0000000000001850       0x66 Output/Debug/Obj/blinky_FreeRTOS_d52/queue.o
                0x0000000000001850                vQueueWaitForMessageRestricted
 .text.xTaskCreate
                0x00000000000018b6       0x86 Output/Debug/Obj/blinky_FreeRTOS_d52/tasks.o
                0x00000000000018b6                xTaskCreate
 .text.prvInitialiseNewTask
                0x000000000000193c      0x104 Output/Debug/Obj/blinky_FreeRTOS_d52/tasks.o
 .text.prvAddNewTaskToReadyList
                0x0000000000001a40       0xd8 Output/Debug/Obj/blinky_FreeRTOS_d52/tasks.o
 .text.vTaskDelay
                0x0000000000001b18       0x64 Output/Debug/Obj/blinky_FreeRTOS_d52/tasks.o
                0x0000000000001b18                vTaskDelay
 .text.vTaskStartScheduler
                0x0000000000001b7c       0x88 Output/Debug/Obj/blinky_FreeRTOS_d52/tasks.o
                0x0000000000001b7c                vTaskStartScheduler
 .text.vTaskSuspendAll
                0x0000000000001c04       0x14 Output/Debug/Obj/blinky_FreeRTOS_d52/tasks.o
                0x0000000000001c04                vTaskSuspendAll
 .text.prvGetExpectedIdleTime
                0x0000000000001c18       0x6c Output/Debug/Obj/blinky_FreeRTOS_d52/tasks.o
 .text.xTaskResumeAll
                0x0000000000001c84      0x134 Output/Debug/Obj/blinky_FreeRTOS_d52/tasks.o
                0x0000000000001c84                xTaskResumeAll
 .text.xTaskGetTickCount
                0x0000000000001db8       0x14 Output/Debug/Obj/blinky_FreeRTOS_d52/tasks.o
                0x0000000000001db8                xTaskGetTickCount
 .text.vTaskStepTick
                0x0000000000001dcc       0x40 Output/Debug/Obj/blinky_FreeRTOS_d52/tasks.o
                0x0000000000001dcc                vTaskStepTick
 .text.xTaskIncrementTick
                0x0000000000001e0c      0x150 Output/Debug/Obj/blinky_FreeRTOS_d52/tasks.o
                0x0000000000001e0c                xTaskIncrementTick
 .text.vTaskSwitchContext
                0x0000000000001f5c       0xb0 Output/Debug/Obj/blinky_FreeRTOS_d52/tasks.o
                0x0000000000001f5c                vTaskSwitchContext
 .text.vTaskPlaceOnEventList
                0x000000000000200c       0x40 Output/Debug/Obj/blinky_FreeRTOS_d52/tasks.o
                0x000000000000200c                vTaskPlaceOnEventList
 .text.vTaskPlaceOnEventListRestricted
                0x000000000000204c       0x4c Output/Debug/Obj/blinky_FreeRTOS_d52/tasks.o
                0x000000000000204c                vTaskPlaceOnEventListRestricted
 .text.xTaskRemoveFromEventList
                0x0000000000002098       0xc0 Output/Debug/Obj/blinky_FreeRTOS_d52/tasks.o
                0x0000000000002098                xTaskRemoveFromEventList
 .text.vTaskInternalSetTimeOutState
                0x0000000000002158       0x24 Output/Debug/Obj/blinky_FreeRTOS_d52/tasks.o
                0x0000000000002158                vTaskInternalSetTimeOutState
 .text.xTaskCheckForTimeOut
                0x000000000000217c       0xb0 Output/Debug/Obj/blinky_FreeRTOS_d52/tasks.o
                0x000000000000217c                xTaskCheckForTimeOut
 .text.vTaskMissedYield
                0x000000000000222c       0x10 Output/Debug/Obj/blinky_FreeRTOS_d52/tasks.o
                0x000000000000222c                vTaskMissedYield
 .text.prvIdleTask
                0x000000000000223c       0x7c Output/Debug/Obj/blinky_FreeRTOS_d52/tasks.o
 .text.eTaskConfirmSleepModeStatus
                0x00000000000022b8       0x5c Output/Debug/Obj/blinky_FreeRTOS_d52/tasks.o
                0x00000000000022b8                eTaskConfirmSleepModeStatus
 .text.prvInitialiseTaskLists
                0x0000000000002314       0x7c Output/Debug/Obj/blinky_FreeRTOS_d52/tasks.o
 .text.prvCheckTasksWaitingTermination
                0x0000000000002390       0x58 Output/Debug/Obj/blinky_FreeRTOS_d52/tasks.o
 .text.prvDeleteTCB
                0x00000000000023e8       0x1e Output/Debug/Obj/blinky_FreeRTOS_d52/tasks.o
 *fill*         0x0000000000002406        0x2 
 .text.prvResetNextTaskUnblockTime
                0x0000000000002408       0x40 Output/Debug/Obj/blinky_FreeRTOS_d52/tasks.o
 .text.xTaskGetSchedulerState
                0x0000000000002448       0x34 Output/Debug/Obj/blinky_FreeRTOS_d52/tasks.o
                0x0000000000002448                xTaskGetSchedulerState
 .text.xTaskPriorityDisinherit
                0x000000000000247c       0xf4 Output/Debug/Obj/blinky_FreeRTOS_d52/tasks.o
                0x000000000000247c                xTaskPriorityDisinherit
 .text.prvAddCurrentTaskToDelayedList
                0x0000000000002570       0xc8 Output/Debug/Obj/blinky_FreeRTOS_d52/tasks.o
 .text.xTimerCreateTimerTask
                0x0000000000002638       0x58 Output/Debug/Obj/blinky_FreeRTOS_d52/timers.o
                0x0000000000002638                xTimerCreateTimerTask
 .text.xTimerCreate
                0x0000000000002690       0x38 Output/Debug/Obj/blinky_FreeRTOS_d52/timers.o
                0x0000000000002690                xTimerCreate
 .text.prvInitialiseNewTimer
                0x00000000000026c8       0x5c Output/Debug/Obj/blinky_FreeRTOS_d52/timers.o
 .text.xTimerGenericCommand
                0x0000000000002724       0x8c Output/Debug/Obj/blinky_FreeRTOS_d52/timers.o
                0x0000000000002724                xTimerGenericCommand
 .text.prvProcessExpiredTimer
                0x00000000000027b0       0x78 Output/Debug/Obj/blinky_FreeRTOS_d52/timers.o
 .text.prvTimerTask
                0x0000000000002828       0x20 Output/Debug/Obj/blinky_FreeRTOS_d52/timers.o
 .text.prvProcessTimerOrBlockTask
                0x0000000000002848       0x9c Output/Debug/Obj/blinky_FreeRTOS_d52/timers.o
 .text.prvGetNextExpireTime
                0x00000000000028e4       0x40 Output/Debug/Obj/blinky_FreeRTOS_d52/timers.o
 .text.prvSampleTimeNow
                0x0000000000002924       0x3c Output/Debug/Obj/blinky_FreeRTOS_d52/timers.o
 .text.prvInsertTimerInActiveList
                0x0000000000002960       0x84 Output/Debug/Obj/blinky_FreeRTOS_d52/timers.o
 .text.prvProcessReceivedCommands
                0x00000000000029e4      0x13c Output/Debug/Obj/blinky_FreeRTOS_d52/timers.o
 .text.prvSwitchTimerLists
                0x0000000000002b20       0xb8 Output/Debug/Obj/blinky_FreeRTOS_d52/timers.o
 .text.prvCheckForValidListAndQueue
                0x0000000000002bd8       0x6c Output/Debug/Obj/blinky_FreeRTOS_d52/timers.o
 .text.app_error_save_and_stop
                0x0000000000002c44       0x98 Output/Debug/Obj/blinky_FreeRTOS_d52/app_error.o
                0x0000000000002c44                app_error_save_and_stop
 .text.app_error_handler
                0x0000000000002cdc       0x1c Output/Debug/Obj/blinky_FreeRTOS_d52/app_error_handler_gcc.o
                0x0000000000002cdc                app_error_handler
 .text.app_error_fault_handler
                0x0000000000002cf8       0x54 Output/Debug/Obj/blinky_FreeRTOS_d52/app_error_weak.o
                0x0000000000002cf8                app_error_fault_handler
 .text.app_util_disable_irq
                0x0000000000002d4c       0x18 Output/Debug/Obj/blinky_FreeRTOS_d52/app_util_platform.o
                0x0000000000002d4c                app_util_disable_irq
 .text.app_util_enable_irq
                0x0000000000002d64       0x20 Output/Debug/Obj/blinky_FreeRTOS_d52/app_util_platform.o
                0x0000000000002d64                app_util_enable_irq
 .text.app_util_critical_region_enter
                0x0000000000002d84       0x28 Output/Debug/Obj/blinky_FreeRTOS_d52/app_util_platform.o
                0x0000000000002d84                app_util_critical_region_enter
 .text.app_util_critical_region_exit
                0x0000000000002dac       0x2c Output/Debug/Obj/blinky_FreeRTOS_d52/app_util_platform.o
                0x0000000000002dac                app_util_critical_region_exit
 .text.privilege_level_get
                0x0000000000002dd8       0x3a Output/Debug/Obj/blinky_FreeRTOS_d52/app_util_platform.o
                0x0000000000002dd8                privilege_level_get
 .text.assert_nrf_callback
                0x0000000000002e12       0x2c Output/Debug/Obj/blinky_FreeRTOS_d52/nrf_assert.o
                0x0000000000002e12                assert_nrf_callback
 *fill*         0x0000000000002e3e        0x2 
 .text.nrf_wdt_started
                0x0000000000002e40       0x18 Output/Debug/Obj/blinky_FreeRTOS_d52/nrf_drv_clock.o
 .text.nrf_drv_clock_init
                0x0000000000002e58       0x64 Output/Debug/Obj/blinky_FreeRTOS_d52/nrf_drv_clock.o
                0x0000000000002e58                nrf_drv_clock_init
 .text.item_enqueue
                0x0000000000002ebc       0x38 Output/Debug/Obj/blinky_FreeRTOS_d52/nrf_drv_clock.o
 .text.item_dequeue
                0x0000000000002ef4       0x20 Output/Debug/Obj/blinky_FreeRTOS_d52/nrf_drv_clock.o
 .text.nrf_drv_clock_lfclk_request
                0x0000000000002f14       0x9c Output/Debug/Obj/blinky_FreeRTOS_d52/nrf_drv_clock.o
                0x0000000000002f14                nrf_drv_clock_lfclk_request
 .text.clock_clk_started_notify
                0x0000000000002fb0       0x4c Output/Debug/Obj/blinky_FreeRTOS_d52/nrf_drv_clock.o
 .text.clock_irq_handler
                0x0000000000002ffc       0x40 Output/Debug/Obj/blinky_FreeRTOS_d52/nrf_drv_clock.o
 .text.__NVIC_EnableIRQ
                0x000000000000303c       0x34 Output/Debug/Obj/blinky_FreeRTOS_d52/nrfx_clock.o
 .text.__NVIC_SetPriority
                0x0000000000003070       0x50 Output/Debug/Obj/blinky_FreeRTOS_d52/nrfx_clock.o
 .text.nrfx_get_irq_number
                0x00000000000030c0       0x10 Output/Debug/Obj/blinky_FreeRTOS_d52/nrfx_clock.o
 .text._NRFX_IRQ_PRIORITY_SET
                0x00000000000030d0       0x40 Output/Debug/Obj/blinky_FreeRTOS_d52/nrfx_clock.o
 .text._NRFX_IRQ_ENABLE
                0x0000000000003110       0x1c Output/Debug/Obj/blinky_FreeRTOS_d52/nrfx_clock.o
 .text._NRFX_IRQ_IS_ENABLED
                0x000000000000312c       0x4c Output/Debug/Obj/blinky_FreeRTOS_d52/nrfx_clock.o
 .text.nrf_clock_int_enable
                0x0000000000003178       0x14 Output/Debug/Obj/blinky_FreeRTOS_d52/nrfx_clock.o
 .text.nrf_clock_int_disable
                0x000000000000318c       0x14 Output/Debug/Obj/blinky_FreeRTOS_d52/nrfx_clock.o
 .text.nrf_clock_task_trigger
                0x00000000000031a0       0x1a Output/Debug/Obj/blinky_FreeRTOS_d52/nrfx_clock.o
 .text.nrf_clock_event_clear
                0x00000000000031ba       0x28 Output/Debug/Obj/blinky_FreeRTOS_d52/nrfx_clock.o
 .text.nrf_clock_event_check
                0x00000000000031e2       0x22 Output/Debug/Obj/blinky_FreeRTOS_d52/nrfx_clock.o
 .text.nrf_clock_lf_src_set
                0x0000000000003204       0x14 Output/Debug/Obj/blinky_FreeRTOS_d52/nrfx_clock.o
 .text.nrfx_power_clock_irq_init
                0x0000000000003218       0x56 Output/Debug/Obj/blinky_FreeRTOS_d52/nrfx_clock.o
 *fill*         0x000000000000326e        0x2 
 .text.nrfx_clock_anomaly_132
                0x0000000000003270       0x54 Output/Debug/Obj/blinky_FreeRTOS_d52/nrfx_clock.o
 .text.nrfx_clock_init
                0x00000000000032c4       0x4c Output/Debug/Obj/blinky_FreeRTOS_d52/nrfx_clock.o
                0x00000000000032c4                nrfx_clock_init
 .text.nrfx_clock_enable
                0x0000000000003310       0x28 Output/Debug/Obj/blinky_FreeRTOS_d52/nrfx_clock.o
                0x0000000000003310                nrfx_clock_enable
 .text.nrfx_clock_lfclk_start
                0x0000000000003338       0x38 Output/Debug/Obj/blinky_FreeRTOS_d52/nrfx_clock.o
                0x0000000000003338                nrfx_clock_lfclk_start
 .text.POWER_CLOCK_IRQHandler
                0x0000000000003370       0x68 Output/Debug/Obj/blinky_FreeRTOS_d52/nrfx_clock.o
                0x0000000000003370                POWER_CLOCK_IRQHandler
 .text.nrf_gpiote_event_is_set
                0x00000000000033d8       0x2a Output/Debug/Obj/blinky_FreeRTOS_d52/nrfx_gpiote.o
 .text.nrf_gpiote_event_clear
                0x0000000000003402       0x36 Output/Debug/Obj/blinky_FreeRTOS_d52/nrfx_gpiote.o
 .text.nrf_gpiote_event_addr_get
                0x0000000000003438       0x1a Output/Debug/Obj/blinky_FreeRTOS_d52/nrfx_gpiote.o
 *fill*         0x0000000000003452        0x2 
 .text.nrf_gpiote_int_is_enabled
                0x0000000000003454       0x18 Output/Debug/Obj/blinky_FreeRTOS_d52/nrfx_gpiote.o
 .text.nrf_gpiote_event_pin_get
                0x000000000000346c       0x20 Output/Debug/Obj/blinky_FreeRTOS_d52/nrfx_gpiote.o
 .text.nrf_gpiote_event_polarity_get
                0x000000000000348c       0x24 Output/Debug/Obj/blinky_FreeRTOS_d52/nrfx_gpiote.o
 .text.nrf_gpio_pin_port_decode
                0x00000000000034b0       0x30 Output/Debug/Obj/blinky_FreeRTOS_d52/nrfx_gpiote.o
 .text.nrf_gpio_cfg_sense_set
                0x00000000000034e0       0x5a Output/Debug/Obj/blinky_FreeRTOS_d52/nrfx_gpiote.o
 .text.nrf_gpio_pin_sense_get
                0x000000000000353a       0x2c Output/Debug/Obj/blinky_FreeRTOS_d52/nrfx_gpiote.o
 .text.nrf_gpio_latches_read_and_clear
                0x0000000000003566       0x5c Output/Debug/Obj/blinky_FreeRTOS_d52/nrfx_gpiote.o
 .text.nrf_gpio_pin_latch_clear
                0x00000000000035c2       0x28 Output/Debug/Obj/blinky_FreeRTOS_d52/nrfx_gpiote.o
 .text.nrf_gpio_pin_present_check
                0x00000000000035ea       0x40 Output/Debug/Obj/blinky_FreeRTOS_d52/nrfx_gpiote.o
 .text.nrf_bitmask_bit_is_set
                0x000000000000362a       0x30 Output/Debug/Obj/blinky_FreeRTOS_d52/nrfx_gpiote.o
 *fill*         0x000000000000365a        0x2 
 .text.channel_port_get
                0x000000000000365c       0x1c Output/Debug/Obj/blinky_FreeRTOS_d52/nrfx_gpiote.o
 .text.channel_handler_get
                0x0000000000003678       0x18 Output/Debug/Obj/blinky_FreeRTOS_d52/nrfx_gpiote.o
 .text.port_handler_pin_get
                0x0000000000003690       0x28 Output/Debug/Obj/blinky_FreeRTOS_d52/nrfx_gpiote.o
 .text.port_handler_polarity_get
                0x00000000000036b8       0x28 Output/Debug/Obj/blinky_FreeRTOS_d52/nrfx_gpiote.o
 .text.latch_pending_read_and_check
                0x00000000000036e0       0x3e Output/Debug/Obj/blinky_FreeRTOS_d52/nrfx_gpiote.o
 *fill*         0x000000000000371e        0x2 
 .text.port_event_handle
                0x0000000000003720       0xe4 Output/Debug/Obj/blinky_FreeRTOS_d52/nrfx_gpiote.o
 .text.GPIOTE_IRQHandler
                0x0000000000003804      0x104 Output/Debug/Obj/blinky_FreeRTOS_d52/nrfx_gpiote.o
                0x0000000000003804                GPIOTE_IRQHandler
 .text.led_toggle_task_function
                0x0000000000003908       0x14 Output/Debug/Obj/blinky_FreeRTOS_d52/main.o
 .text.led_toggle_timer_callback
                0x000000000000391c       0x14 Output/Debug/Obj/blinky_FreeRTOS_d52/main.o
 .text.main     0x0000000000003930       0x9c Output/Debug/Obj/blinky_FreeRTOS_d52/main.o
                0x0000000000003930                main
 .text.__NVIC_SystemReset
                0x00000000000039cc       0x28 Output/Debug/Obj/blinky_FreeRTOS_d52/system_nrf52.o
 .text.nrf52_errata_12
                0x00000000000039f4       0x88 Output/Debug/Obj/blinky_FreeRTOS_d52/system_nrf52.o
 .text.nrf52_errata_16
                0x0000000000003a7c       0x68 Output/Debug/Obj/blinky_FreeRTOS_d52/system_nrf52.o
 .text.nrf52_errata_31
                0x0000000000003ae4       0x88 Output/Debug/Obj/blinky_FreeRTOS_d52/system_nrf52.o
 .text.nrf52_errata_32
                0x0000000000003b6c       0x68 Output/Debug/Obj/blinky_FreeRTOS_d52/system_nrf52.o
 .text.nrf52_errata_36
                0x0000000000003bd4       0x88 Output/Debug/Obj/blinky_FreeRTOS_d52/system_nrf52.o
 .text.nrf52_errata_37
                0x0000000000003c5c       0x68 Output/Debug/Obj/blinky_FreeRTOS_d52/system_nrf52.o
 .text.nrf52_errata_57
                0x0000000000003cc4       0x68 Output/Debug/Obj/blinky_FreeRTOS_d52/system_nrf52.o
 .text.nrf52_errata_66
                0x0000000000003d2c       0x88 Output/Debug/Obj/blinky_FreeRTOS_d52/system_nrf52.o
 .text.nrf52_errata_108
                0x0000000000003db4       0x88 Output/Debug/Obj/blinky_FreeRTOS_d52/system_nrf52.o
 .text.nrf52_errata_136
                0x0000000000003e3c       0x88 Output/Debug/Obj/blinky_FreeRTOS_d52/system_nrf52.o
 .text.nrf52_errata_182
                0x0000000000003ec4       0x60 Output/Debug/Obj/blinky_FreeRTOS_d52/system_nrf52.o
 .text.nrf52_errata_249
                0x0000000000003f24       0x60 Output/Debug/Obj/blinky_FreeRTOS_d52/system_nrf52.o
 .text.nrf52_handle_approtect
                0x0000000000003f84       0x20 Output/Debug/Obj/blinky_FreeRTOS_d52/system_nrf52.o
 .text.nvmc_wait
                0x0000000000003fa4       0x18 Output/Debug/Obj/blinky_FreeRTOS_d52/system_nrf52.o
                0x0000000000003fa4                nvmc_wait
 .text.nvmc_config
                0x0000000000003fbc       0x20 Output/Debug/Obj/blinky_FreeRTOS_d52/system_nrf52.o
                0x0000000000003fbc                nvmc_config
 .text.SystemCoreClockUpdate
                0x0000000000003fdc       0x14 Output/Debug/Obj/blinky_FreeRTOS_d52/system_nrf52.o
                0x0000000000003fdc                SystemCoreClockUpdate
 .text.SystemInit
                0x0000000000003ff0      0x2ac Output/Debug/Obj/blinky_FreeRTOS_d52/system_nrf52.o
                0x0000000000003ff0                SystemInit
 .text.libc.__SEGGER_RTL_init_heap
                0x000000000000429c       0x18 C:/Program Files/SEGGER/SEGGER Embedded Studio for ARM 7.32/lib/heapops_basic_v7em_fpv4_sp_d16_hard_t_le_eabi_balanced.a(heapops_basic.o)
                0x000000000000429c                __SEGGER_RTL_init_heap
 .text.libc.memcpy
                0x00000000000042b4       0x5c C:/Program Files/SEGGER/SEGGER Embedded Studio for ARM 7.32/lib/strops_unaligned_v7em_fpv4_sp_d16_hard_t_le_eabi_balanced.a(strasmops_arm.o)
                0x00000000000042b4                __aeabi_memcpy
                0x00000000000042b4                memcpy
                0x00000000000042d2                __aeabi_memcpy8
                0x00000000000042d2                __aeabi_memcpy4
 .text.libc.__aeabi_memclr
                0x0000000000004310       0x68 C:/Program Files/SEGGER/SEGGER Embedded Studio for ARM 7.32/lib/strops_unaligned_v7em_fpv4_sp_d16_hard_t_le_eabi_balanced.a(strasmops_arm.o)
                0x0000000000004310                __aeabi_memclr8
                0x0000000000004310                __aeabi_memclr
                0x0000000000004310                __aeabi_memclr4
                0x0000000000004312                __aeabi_memset4
                0x0000000000004312                __aeabi_memset8
                0x0000000000004312                __aeabi_memset
                0x0000000000004318                memset
                0x0000000000004378                __text_end__ = (__text_start__ + SIZEOF (.text))
                0x0000000000003f94                __text_size__ = SIZEOF (.text)
                0x0000000000004378                __text_load_end__ = __text_end__

.vfp11_veneer   0x0000000100000000        0x0
 .vfp11_veneer  0x0000000100000000        0x0 linker stubs

.v4_bx          0x0000000100000000        0x0
 .v4_bx         0x0000000100000000        0x0 linker stubs

.iplt           0x0000000100000000        0x0
 .iplt          0x0000000100000000        0x0 Output/Debug/Obj/blinky_FreeRTOS_d52/thumb_crt0.o
                0x0000000000000001                . = ASSERT (((__text_start__ == __text_end__) || ((__text_end__ - __FLASH1_segment_start__) <= __FLASH1_segment_size__)), error: .text is too large to fit in FLASH1 memory segment)
                0x0000000000004378                __sdh_ant_observers_load_start__ = ALIGN (__text_end__, 0x4)

.sdh_ant_observers
                0x0000000000004378        0x0
                0x0000000000004378                __sdh_ant_observers_start__ = .
                0x0000000000004378                __start_sdh_ant_observers = __sdh_ant_observers_start__
 *(SORT_BY_NAME(.sdh_ant_observers*))
                0x0000000000004378                __sdh_ant_observers_end__ = (__sdh_ant_observers_start__ + SIZEOF (.sdh_ant_observers))
                0x0000000000000000                __sdh_ant_observers_size__ = SIZEOF (.sdh_ant_observers)
                0x0000000000004378                __stop_sdh_ant_observers = __sdh_ant_observers_end__
                0x0000000000004378                __sdh_ant_observers_load_end__ = __sdh_ant_observers_end__
                0x0000000000000001                . = ASSERT (((__sdh_ant_observers_start__ == __sdh_ant_observers_end__) || ((__sdh_ant_observers_end__ - __FLASH1_segment_start__) <= __FLASH1_segment_size__)), error: .sdh_ant_observers is too large to fit in FLASH1 memory segment)
                0x0000000000004378                __pwr_mgmt_data_load_start__ = ALIGN (__sdh_ant_observers_end__, 0x4)

.pwr_mgmt_data  0x0000000000004378        0x0
                0x0000000000004378                __pwr_mgmt_data_start__ = .
                0x0000000000004378                __start_pwr_mgmt_data = __pwr_mgmt_data_start__
 *(SORT_BY_NAME(.pwr_mgmt_data*))
                0x0000000000004378                __pwr_mgmt_data_end__ = (__pwr_mgmt_data_start__ + SIZEOF (.pwr_mgmt_data))
                0x0000000000000000                __pwr_mgmt_data_size__ = SIZEOF (.pwr_mgmt_data)
                0x0000000000004378                __stop_pwr_mgmt_data = __pwr_mgmt_data_end__
                0x0000000000004378                __pwr_mgmt_data_load_end__ = __pwr_mgmt_data_end__
                0x0000000000000001                . = ASSERT (((__pwr_mgmt_data_start__ == __pwr_mgmt_data_end__) || ((__pwr_mgmt_data_end__ - __FLASH1_segment_start__) <= __FLASH1_segment_size__)), error: .pwr_mgmt_data is too large to fit in FLASH1 memory segment)
                0x0000000000004378                __nrf_queue_load_start__ = ALIGN (__pwr_mgmt_data_end__, 0x4)

.nrf_queue      0x0000000000004378        0x0
                0x0000000000004378                __nrf_queue_start__ = .
                0x0000000000004378                __start_nrf_queue = __nrf_queue_start__
 *(.nrf_queue*)
                0x0000000000004378                __nrf_queue_end__ = (__nrf_queue_start__ + SIZEOF (.nrf_queue))
                0x0000000000000000                __nrf_queue_size__ = SIZEOF (.nrf_queue)
                0x0000000000004378                __stop_nrf_queue = __nrf_queue_end__
                0x0000000000004378                __nrf_queue_load_end__ = __nrf_queue_end__
                0x0000000000000001                . = ASSERT (((__nrf_queue_start__ == __nrf_queue_end__) || ((__nrf_queue_end__ - __FLASH1_segment_start__) <= __FLASH1_segment_size__)), error: .nrf_queue is too large to fit in FLASH1 memory segment)
                0x0000000000004378                __log_const_data_load_start__ = ALIGN (__nrf_queue_end__, 0x4)

.log_const_data
                0x0000000000004378        0x0
                0x0000000000004378                __log_const_data_start__ = .
                0x0000000000004378                __start_log_const_data = __log_const_data_start__
 *(SORT_BY_NAME(.log_const_data*))
                0x0000000000004378                __log_const_data_end__ = (__log_const_data_start__ + SIZEOF (.log_const_data))
                0x0000000000000000                __log_const_data_size__ = SIZEOF (.log_const_data)
                0x0000000000004378                __stop_log_const_data = __log_const_data_end__
                0x0000000000004378                __log_const_data_load_end__ = __log_const_data_end__
                0x0000000000000001                . = ASSERT (((__log_const_data_start__ == __log_const_data_end__) || ((__log_const_data_end__ - __FLASH1_segment_start__) <= __FLASH1_segment_size__)), error: .log_const_data is too large to fit in FLASH1 memory segment)
                0x0000000000004378                __sdh_req_observers_load_start__ = ALIGN (__log_const_data_end__, 0x4)

.sdh_req_observers
                0x0000000000004378        0x0
                0x0000000000004378                __sdh_req_observers_start__ = .
                0x0000000000004378                __start_sdh_req_observers = __sdh_req_observers_start__
 *(SORT_BY_NAME(.sdh_req_observers*))
                0x0000000000004378                __sdh_req_observers_end__ = (__sdh_req_observers_start__ + SIZEOF (.sdh_req_observers))
                0x0000000000000000                __sdh_req_observers_size__ = SIZEOF (.sdh_req_observers)
                0x0000000000004378                __stop_sdh_req_observers = __sdh_req_observers_end__
                0x0000000000004378                __sdh_req_observers_load_end__ = __sdh_req_observers_end__
                0x0000000000000001                . = ASSERT (((__sdh_req_observers_start__ == __sdh_req_observers_end__) || ((__sdh_req_observers_end__ - __FLASH1_segment_start__) <= __FLASH1_segment_size__)), error: .sdh_req_observers is too large to fit in FLASH1 memory segment)
                0x0000000000004378                __sdh_state_observers_load_start__ = ALIGN (__sdh_req_observers_end__, 0x4)

.sdh_state_observers
                0x0000000000004378        0x0
                0x0000000000004378                __sdh_state_observers_start__ = .
                0x0000000000004378                __start_sdh_state_observers = __sdh_state_observers_start__
 *(SORT_BY_NAME(.sdh_state_observers*))
                0x0000000000004378                __sdh_state_observers_end__ = (__sdh_state_observers_start__ + SIZEOF (.sdh_state_observers))
                0x0000000000000000                __sdh_state_observers_size__ = SIZEOF (.sdh_state_observers)
                0x0000000000004378                __stop_sdh_state_observers = __sdh_state_observers_end__
                0x0000000000004378                __sdh_state_observers_load_end__ = __sdh_state_observers_end__
                0x0000000000000001                . = ASSERT (((__sdh_state_observers_start__ == __sdh_state_observers_end__) || ((__sdh_state_observers_end__ - __FLASH1_segment_start__) <= __FLASH1_segment_size__)), error: .sdh_state_observers is too large to fit in FLASH1 memory segment)
                0x0000000000004378                __sdh_stack_observers_load_start__ = ALIGN (__sdh_state_observers_end__, 0x4)

.sdh_stack_observers
                0x0000000000004378        0x0
                0x0000000000004378                __sdh_stack_observers_start__ = .
                0x0000000000004378                __start_sdh_stack_observers = __sdh_stack_observers_start__
 *(SORT_BY_NAME(.sdh_stack_observers*))
                0x0000000000004378                __sdh_stack_observers_end__ = (__sdh_stack_observers_start__ + SIZEOF (.sdh_stack_observers))
                0x0000000000000000                __sdh_stack_observers_size__ = SIZEOF (.sdh_stack_observers)
                0x0000000000004378                __stop_sdh_stack_observers = __sdh_stack_observers_end__
                0x0000000000004378                __sdh_stack_observers_load_end__ = __sdh_stack_observers_end__
                0x0000000000000001                . = ASSERT (((__sdh_stack_observers_start__ == __sdh_stack_observers_end__) || ((__sdh_stack_observers_end__ - __FLASH1_segment_start__) <= __FLASH1_segment_size__)), error: .sdh_stack_observers is too large to fit in FLASH1 memory segment)
                0x0000000000004378                __log_backends_load_start__ = ALIGN (__sdh_stack_observers_end__, 0x4)

.log_backends   0x0000000000004378        0x0
                0x0000000000004378                __log_backends_start__ = .
                0x0000000000004378                __start_log_backends = __log_backends_start__
 *(SORT_BY_NAME(.log_backends*))
                0x0000000000004378                __log_backends_end__ = (__log_backends_start__ + SIZEOF (.log_backends))
                0x0000000000000000                __log_backends_size__ = SIZEOF (.log_backends)
                0x0000000000004378                __stop_log_backends = __log_backends_end__
                0x0000000000004378                __log_backends_load_end__ = __log_backends_end__
                0x0000000000000001                . = ASSERT (((__log_backends_start__ == __log_backends_end__) || ((__log_backends_end__ - __FLASH1_segment_start__) <= __FLASH1_segment_size__)), error: .log_backends is too large to fit in FLASH1 memory segment)
                0x0000000000004378                __nrf_balloc_load_start__ = ALIGN (__log_backends_end__, 0x4)

.nrf_balloc     0x0000000000004378        0x0
                0x0000000000004378                __nrf_balloc_start__ = .
                0x0000000000004378                __start_nrf_balloc = __nrf_balloc_start__
 *(.nrf_balloc*)
                0x0000000000004378                __nrf_balloc_end__ = (__nrf_balloc_start__ + SIZEOF (.nrf_balloc))
                0x0000000000000000                __nrf_balloc_size__ = SIZEOF (.nrf_balloc)
                0x0000000000004378                __stop_nrf_balloc = __nrf_balloc_end__
                0x0000000000004378                __nrf_balloc_load_end__ = __nrf_balloc_end__
                0x0000000000000001                . = ASSERT (((__nrf_balloc_start__ == __nrf_balloc_end__) || ((__nrf_balloc_end__ - __FLASH1_segment_start__) <= __FLASH1_segment_size__)), error: .nrf_balloc is too large to fit in FLASH1 memory segment)
                0x0000000000004378                __nrf_sections_load_start__ = ALIGN (__nrf_balloc_end__, 0x4)

.nrf_sections   0x0000000000004378        0x0
                0x0000000000004378                __nrf_sections_start__ = .
                0x0000000000004378                __start_nrf_sections = __nrf_sections_start__
 *(.nrf_sections .nrf_sections.*)
                0x0000000000004378                __nrf_sections_end__ = (__nrf_sections_start__ + SIZEOF (.nrf_sections))
                0x0000000000000000                __nrf_sections_size__ = SIZEOF (.nrf_sections)
                0x0000000000004378                __nrf_sections_load_end__ = __nrf_sections_end__
                0x0000000000000001                . = ASSERT (((__nrf_sections_start__ == __nrf_sections_end__) || ((__nrf_sections_end__ - __FLASH1_segment_start__) <= __FLASH1_segment_size__)), error: .nrf_sections is too large to fit in FLASH1 memory segment)
                0x0000000000004378                __log_dynamic_data_load_start__ = ALIGN (__nrf_sections_end__, 0x4)

.log_dynamic_data
                0x0000000020000000        0x0 load address 0x0000000000004378
                0x0000000020000000                __log_dynamic_data_start__ = .
 *(SORT_BY_NAME(.log_dynamic_data*))
                0x0000000020000000                __log_dynamic_data_end__ = (__log_dynamic_data_start__ + SIZEOF (.log_dynamic_data))
                0x0000000000000000                __log_dynamic_data_size__ = SIZEOF (.log_dynamic_data)
                0x0000000000004378                __log_dynamic_data_load_end__ = (__log_dynamic_data_load_start__ + SIZEOF (.log_dynamic_data))
                0x0000000000000001                . = ASSERT (((__log_dynamic_data_load_start__ == __log_dynamic_data_load_end__) || ((__log_dynamic_data_load_end__ - __FLASH1_segment_start__) <= __FLASH1_segment_size__)), error: .log_dynamic_data is too large to fit in FLASH1 memory segment)

.log_dynamic_data_run
                0x0000000020000000        0x0
                0x0000000020000000                __log_dynamic_data_run_start__ = .
                0x0000000020000000                __start_log_dynamic_data = __log_dynamic_data_run_start__
                0x0000000020000000                __log_dynamic_data_run_end__ = (__log_dynamic_data_run_start__ + SIZEOF (.log_dynamic_data))
                0x0000000000000000                __log_dynamic_data_run_size__ = (__log_dynamic_data_run_end__ - __log_dynamic_data_run_start__)
                0x0000000020000000                __stop_log_dynamic_data = __log_dynamic_data_run_end__
                0x0000000020000000                __log_dynamic_data_run_load_end__ = __log_dynamic_data_run_end__
                0x0000000000000001                . = ASSERT (((__log_dynamic_data_run_start__ == __log_dynamic_data_run_end__) || ((__log_dynamic_data_run_end__ - __RAM1_segment_start__) <= __RAM1_segment_size__)), error: .log_dynamic_data_run is too large to fit in RAM1 memory segment)
                0x0000000000004378                __log_filter_data_load_start__ = ALIGN ((__log_dynamic_data_load_start__ + SIZEOF (.log_dynamic_data)), 0x4)

.log_filter_data
                0x0000000020000000        0x0 load address 0x0000000000004378
                0x0000000020000000                __log_filter_data_start__ = .
 *(SORT_BY_NAME(.log_filter_data*))
                0x0000000020000000                __log_filter_data_end__ = (__log_filter_data_start__ + SIZEOF (.log_filter_data))
                0x0000000000000000                __log_filter_data_size__ = SIZEOF (.log_filter_data)
                0x0000000000004378                __log_filter_data_load_end__ = (__log_filter_data_load_start__ + SIZEOF (.log_filter_data))
                0x0000000000000001                . = ASSERT (((__log_filter_data_load_start__ == __log_filter_data_load_end__) || ((__log_filter_data_load_end__ - __FLASH1_segment_start__) <= __FLASH1_segment_size__)), error: .log_filter_data is too large to fit in FLASH1 memory segment)

.log_filter_data_run
                0x0000000020000000        0x0
                0x0000000020000000                __log_filter_data_run_start__ = .
                0x0000000020000000                __start_log_filter_data = __log_filter_data_run_start__
                0x0000000020000000                __log_filter_data_run_end__ = (__log_filter_data_run_start__ + SIZEOF (.log_filter_data))
                0x0000000000000000                __log_filter_data_run_size__ = (__log_filter_data_run_end__ - __log_filter_data_run_start__)
                0x0000000020000000                __stop_log_filter_data = __log_filter_data_run_end__
                0x0000000020000000                __log_filter_data_run_load_end__ = __log_filter_data_run_end__
                0x0000000000000001                . = ASSERT (((__log_filter_data_run_start__ == __log_filter_data_run_end__) || ((__log_filter_data_run_end__ - __RAM1_segment_start__) <= __RAM1_segment_size__)), error: .log_filter_data_run is too large to fit in RAM1 memory segment)
                0x0000000020000000                __nrf_sections_run_end_load_start__ = ALIGN (__log_filter_data_run_end__, 0x4)

.nrf_sections_run_end
                0x0000000020000000        0x0
                0x0000000020000000                __nrf_sections_run_end_start__ = .
                0x0000000020000000                __end_nrf_sections_run = __nrf_sections_run_end_start__
 *(.nrf_sections_run_end .nrf_sections_run_end.*)
                0x0000000020000000                __nrf_sections_run_end_end__ = (__nrf_sections_run_end_start__ + SIZEOF (.nrf_sections_run_end))
                0x0000000000000000                __nrf_sections_run_end_size__ = SIZEOF (.nrf_sections_run_end)
                0x0000000020000000                __nrf_sections_run_end_load_end__ = __nrf_sections_run_end_end__
                0x0000000000000001                . = ASSERT (((__nrf_sections_run_end_start__ == __nrf_sections_run_end_end__) || ((__nrf_sections_run_end_end__ - __RAM1_segment_start__) <= __RAM1_segment_size__)), error: .nrf_sections_run_end is too large to fit in RAM1 memory segment)
                0x0000000000004378                __dtors_load_start__ = ALIGN ((__log_filter_data_load_start__ + SIZEOF (.log_filter_data)), 0x4)

.dtors          0x0000000000004378        0x0
                0x0000000000004378                __dtors_start__ = .
 *(SORT_BY_NAME(.dtors.*))
 *(.dtors)
 *(.fini_array)
 *(SORT_BY_NAME(.fini_array.*))
                0x0000000000004378                __dtors_end__ = (__dtors_start__ + SIZEOF (.dtors))
                0x0000000000000000                __dtors_size__ = SIZEOF (.dtors)
                0x0000000000004378                __dtors_load_end__ = __dtors_end__
                0x0000000000000001                . = ASSERT (((__dtors_start__ == __dtors_end__) || ((__dtors_end__ - __FLASH1_segment_start__) <= __FLASH1_segment_size__)), error: .dtors is too large to fit in FLASH1 memory segment)
                0x0000000000004378                __ctors_load_start__ = ALIGN (__dtors_end__, 0x4)

.ctors          0x0000000000004378        0x0
                0x0000000000004378                __ctors_start__ = .
 *(SORT_BY_NAME(.ctors.*))
 *(.ctors)
 *(.init_array)
 *(SORT_BY_NAME(.init_array.*))
                0x0000000000004378                __ctors_end__ = (__ctors_start__ + SIZEOF (.ctors))
                0x0000000000000000                __ctors_size__ = SIZEOF (.ctors)
                0x0000000000004378                __ctors_load_end__ = __ctors_end__
                0x0000000000000001                . = ASSERT (((__ctors_start__ == __ctors_end__) || ((__ctors_end__ - __FLASH1_segment_start__) <= __FLASH1_segment_size__)), error: .ctors is too large to fit in FLASH1 memory segment)
                0x0000000000004378                __rodata_load_start__ = ALIGN (__ctors_end__, 0x4)

.rodata         0x0000000000004378      0x6d5
                0x0000000000004378                __rodata_start__ = .
 *(.rodata .rodata.* .gnu.linkonce.r.*)
 .rodata        0x0000000000004378       0xa7 Output/Debug/Obj/blinky_FreeRTOS_d52/boards.o
 *fill*         0x000000000000441f        0x1 
 .rodata.m_board_led_list
                0x0000000000004420        0x4 Output/Debug/Obj/blinky_FreeRTOS_d52/boards.o
 .rodata.m_board_btn_list
                0x0000000000004424        0x4 Output/Debug/Obj/blinky_FreeRTOS_d52/boards.o
 .rodata        0x0000000000004428       0x8f Output/Debug/Obj/blinky_FreeRTOS_d52/heap_1.o
 *fill*         0x00000000000044b7        0x1 
 .rodata        0x00000000000044b8       0x90 Output/Debug/Obj/blinky_FreeRTOS_d52/port_cmsis.o
 .rodata        0x0000000000004548       0x2d Output/Debug/Obj/blinky_FreeRTOS_d52/port_cmsis_systick.o
 *fill*         0x0000000000004575        0x3 
 .rodata        0x0000000000004578       0x7d Output/Debug/Obj/blinky_FreeRTOS_d52/queue.o
 *fill*         0x00000000000045f5        0x3 
 .rodata        0x00000000000045f8       0x85 Output/Debug/Obj/blinky_FreeRTOS_d52/tasks.o
 *fill*         0x000000000000467d        0x3 
 .rodata        0x0000000000004680       0x8d Output/Debug/Obj/blinky_FreeRTOS_d52/timers.o
 *fill*         0x000000000000470d        0x3 
 .rodata        0x0000000000004710       0x8a Output/Debug/Obj/blinky_FreeRTOS_d52/app_util_platform.o
 *fill*         0x000000000000479a        0x2 
 .rodata        0x000000000000479c       0x84 Output/Debug/Obj/blinky_FreeRTOS_d52/nrf_drv_clock.o
 .rodata        0x0000000000004820       0xb2 Output/Debug/Obj/blinky_FreeRTOS_d52/nrfx_clock.o
 *fill*         0x00000000000048d2        0x2 
 .rodata        0x00000000000048d4       0xe3 Output/Debug/Obj/blinky_FreeRTOS_d52/nrfx_gpiote.o
 *fill*         0x00000000000049b7        0x1 
 .rodata        0x00000000000049b8       0x95 Output/Debug/Obj/blinky_FreeRTOS_d52/main.o
                0x0000000000004a4d                __rodata_end__ = (__rodata_start__ + SIZEOF (.rodata))
                0x00000000000006d5                __rodata_size__ = SIZEOF (.rodata)
                0x0000000000004a4d                __rodata_load_end__ = __rodata_end__

.rel.dyn        0x0000000000004a50        0x0
 .rel.iplt      0x0000000000004a50        0x0 Output/Debug/Obj/blinky_FreeRTOS_d52/thumb_crt0.o
                0x0000000000000001                . = ASSERT (((__rodata_start__ == __rodata_end__) || ((__rodata_end__ - __FLASH1_segment_start__) <= __FLASH1_segment_size__)), error: .rodata is too large to fit in FLASH1 memory segment)
                0x0000000000004a50                __ARM.exidx_load_start__ = ALIGN (__rodata_end__, 0x4)

.ARM.exidx      0x0000000000004a50        0x0
                0x0000000000004a50                __ARM.exidx_start__ = .
                0x0000000000004a50                __exidx_start = __ARM.exidx_start__
 *(.ARM.exidx .ARM.exidx.*)
                0x0000000000004a50                __ARM.exidx_end__ = (__ARM.exidx_start__ + SIZEOF (.ARM.exidx))
                0x0000000000000000                __ARM.exidx_size__ = SIZEOF (.ARM.exidx)
                0x0000000000004a50                __exidx_end = __ARM.exidx_end__
                0x0000000000004a50                __ARM.exidx_load_end__ = __ARM.exidx_end__
                0x0000000000000001                . = ASSERT (((__ARM.exidx_start__ == __ARM.exidx_end__) || ((__ARM.exidx_end__ - __FLASH1_segment_start__) <= __FLASH1_segment_size__)), error: .ARM.exidx is too large to fit in FLASH1 memory segment)
                0x0000000000004a50                __fast_load_start__ = ALIGN (__ARM.exidx_end__, 0x4)

.fast           0x0000000020000000        0x0 load address 0x0000000000004a50
                0x0000000020000000                __fast_start__ = .
 *(.fast .fast.*)
                0x0000000020000000                __fast_end__ = (__fast_start__ + SIZEOF (.fast))
                0x0000000000000000                __fast_size__ = SIZEOF (.fast)
                0x0000000000004a50                __fast_load_end__ = (__fast_load_start__ + SIZEOF (.fast))
                0x0000000000000001                . = ASSERT (((__fast_load_start__ == __fast_load_end__) || ((__fast_load_end__ - __FLASH1_segment_start__) <= __FLASH1_segment_size__)), error: .fast is too large to fit in FLASH1 memory segment)

.fast_run       0x0000000020000000        0x0
                0x0000000020000000                __fast_run_start__ = .
                0x0000000020000000                __fast_run_end__ = (__fast_run_start__ + SIZEOF (.fast))
                0x0000000000000000                __fast_run_size__ = (__fast_run_end__ - __fast_run_start__)
                0x0000000020000000                __fast_run_load_end__ = __fast_run_end__
                0x0000000000000001                . = ASSERT (((__fast_run_start__ == __fast_run_end__) || ((__fast_run_end__ - __RAM1_segment_start__) <= __RAM1_segment_size__)), error: .fast_run is too large to fit in RAM1 memory segment)
                0x0000000000004a50                __data_load_start__ = ALIGN ((__fast_load_start__ + SIZEOF (.fast)), 0x4)

.data           0x0000000020000000        0x4 load address 0x0000000000004a50
                0x0000000020000000                __data_start__ = .
 *(.data .data.* .gnu.linkonce.d.*)
 .data.SystemCoreClock
                0x0000000020000000        0x4 Output/Debug/Obj/blinky_FreeRTOS_d52/system_nrf52.o
                0x0000000020000000                SystemCoreClock
                0x0000000020000004                __data_end__ = (__data_start__ + SIZEOF (.data))
                0x0000000000000004                __data_size__ = SIZEOF (.data)
                0x0000000000004a54                __data_load_end__ = (__data_load_start__ + SIZEOF (.data))

.igot.plt       0x0000000100000000        0x0
 .igot.plt      0x0000000100000000        0x0 Output/Debug/Obj/blinky_FreeRTOS_d52/thumb_crt0.o
                0x0000000000000001                . = ASSERT (((__data_load_start__ == __data_load_end__) || ((__data_load_end__ - __FLASH1_segment_start__) <= __FLASH1_segment_size__)), error: .data is too large to fit in FLASH1 memory segment)

.data_run       0x0000000020000000        0x0
                0x0000000020000000                __data_run_start__ = .
                0x0000000020000004                __data_run_end__ = (__data_run_start__ + SIZEOF (.data))
                0x0000000000000004                __data_run_size__ = (__data_run_end__ - __data_run_start__)
                0x0000000020000004                __data_run_load_end__ = __data_run_end__
                0x0000000000000001                . = ASSERT (((__data_run_start__ == __data_run_end__) || ((__data_run_end__ - __RAM1_segment_start__) <= __RAM1_segment_size__)), error: .data_run is too large to fit in RAM1 memory segment)
                0x0000000000004a54                __tdata_load_start__ = ALIGN ((__data_load_start__ + SIZEOF (.data)), 0x4)

.tdata          0x0000000020000004        0x0 load address 0x0000000000004a54
                0x0000000020000004                __tdata_start__ = .
 *(.tdata .tdata.*)
                0x0000000020000004                __tdata_end__ = (__tdata_start__ + SIZEOF (.tdata))
                0x0000000000000000                __tdata_size__ = SIZEOF (.tdata)
                0x0000000000004a54                __tdata_load_end__ = (__tdata_load_start__ + SIZEOF (.tdata))
                0x0000000000004a54                __FLASH1_segment_used_end__ = (ALIGN ((__data_load_start__ + SIZEOF (.data)), 0x4) + SIZEOF (.tdata))
                0x0000000000004a54                __FLASH1_segment_used_size__ = (__FLASH1_segment_used_end__ - __FLASH1_segment_start__)
                0x0000000000000001                . = ASSERT (((__tdata_load_start__ == __tdata_load_end__) || ((__tdata_load_end__ - __FLASH1_segment_start__) <= __FLASH1_segment_size__)), error: .tdata is too large to fit in FLASH1 memory segment)

.tdata_run      0x0000000020000004        0x0
                0x0000000020000004                __tdata_run_start__ = .
                0x0000000020000004                __tdata_run_end__ = (__tdata_run_start__ + SIZEOF (.tdata))
                0x0000000000000000                __tdata_run_size__ = (__tdata_run_end__ - __tdata_run_start__)
                0x0000000020000004                __tdata_run_load_end__ = __tdata_run_end__
                0x0000000000000001                . = ASSERT (((__tdata_run_start__ == __tdata_run_end__) || ((__tdata_run_end__ - __RAM1_segment_start__) <= __RAM1_segment_size__)), error: .tdata_run is too large to fit in RAM1 memory segment)
                0x0000000020000004                __bss_load_start__ = ALIGN (__tdata_run_end__, 0x4)

.bss            0x0000000020000004     0x11e4
                0x0000000020000004                __bss_start__ = .
 *(.bss .bss.* .gnu.linkonce.b.*)
 .bss.ucHeap    0x0000000020000004     0x1000 Output/Debug/Obj/blinky_FreeRTOS_d52/heap_1.o
 .bss.xNextFreeByte
                0x0000000020001004        0x4 Output/Debug/Obj/blinky_FreeRTOS_d52/heap_1.o
 .bss.pucAlignedHeap.0
                0x0000000020001008        0x4 Output/Debug/Obj/blinky_FreeRTOS_d52/heap_1.o
 .bss.uxCriticalNesting
                0x000000002000100c        0x4 Output/Debug/Obj/blinky_FreeRTOS_d52/port_cmsis.o
 .bss.ucMaxSysCallPriority
                0x0000000020001010        0x1 Output/Debug/Obj/blinky_FreeRTOS_d52/port_cmsis.o
 *fill*         0x0000000020001011        0x3 
 .bss.ulMaxPRIGROUPValue
                0x0000000020001014        0x4 Output/Debug/Obj/blinky_FreeRTOS_d52/port_cmsis.o
 .bss.xQueueRegistry
                0x0000000020001018       0x10 Output/Debug/Obj/blinky_FreeRTOS_d52/queue.o
                0x0000000020001018                xQueueRegistry
 .bss.pxCurrentTCB
                0x0000000020001028        0x4 Output/Debug/Obj/blinky_FreeRTOS_d52/tasks.o
                0x0000000020001028                pxCurrentTCB
 .bss.pxReadyTasksLists
                0x000000002000102c       0x3c Output/Debug/Obj/blinky_FreeRTOS_d52/tasks.o
 .bss.xDelayedTaskList1
                0x0000000020001068       0x14 Output/Debug/Obj/blinky_FreeRTOS_d52/tasks.o
 .bss.xDelayedTaskList2
                0x000000002000107c       0x14 Output/Debug/Obj/blinky_FreeRTOS_d52/tasks.o
 .bss.pxDelayedTaskList
                0x0000000020001090        0x4 Output/Debug/Obj/blinky_FreeRTOS_d52/tasks.o
 .bss.pxOverflowDelayedTaskList
                0x0000000020001094        0x4 Output/Debug/Obj/blinky_FreeRTOS_d52/tasks.o
 .bss.xPendingReadyList
                0x0000000020001098       0x14 Output/Debug/Obj/blinky_FreeRTOS_d52/tasks.o
 .bss.xTasksWaitingTermination
                0x00000000200010ac       0x14 Output/Debug/Obj/blinky_FreeRTOS_d52/tasks.o
 .bss.uxDeletedTasksWaitingCleanUp
                0x00000000200010c0        0x4 Output/Debug/Obj/blinky_FreeRTOS_d52/tasks.o
 .bss.xSuspendedTaskList
                0x00000000200010c4       0x14 Output/Debug/Obj/blinky_FreeRTOS_d52/tasks.o
 .bss.uxCurrentNumberOfTasks
                0x00000000200010d8        0x4 Output/Debug/Obj/blinky_FreeRTOS_d52/tasks.o
 .bss.xTickCount
                0x00000000200010dc        0x4 Output/Debug/Obj/blinky_FreeRTOS_d52/tasks.o
 .bss.uxTopReadyPriority
                0x00000000200010e0        0x4 Output/Debug/Obj/blinky_FreeRTOS_d52/tasks.o
 .bss.xSchedulerRunning
                0x00000000200010e4        0x4 Output/Debug/Obj/blinky_FreeRTOS_d52/tasks.o
 .bss.uxPendedTicks
                0x00000000200010e8        0x4 Output/Debug/Obj/blinky_FreeRTOS_d52/tasks.o
 .bss.xYieldPending
                0x00000000200010ec        0x4 Output/Debug/Obj/blinky_FreeRTOS_d52/tasks.o
 .bss.xNumOfOverflows
                0x00000000200010f0        0x4 Output/Debug/Obj/blinky_FreeRTOS_d52/tasks.o
 .bss.uxTaskNumber
                0x00000000200010f4        0x4 Output/Debug/Obj/blinky_FreeRTOS_d52/tasks.o
 .bss.xNextTaskUnblockTime
                0x00000000200010f8        0x4 Output/Debug/Obj/blinky_FreeRTOS_d52/tasks.o
 .bss.xIdleTaskHandle
                0x00000000200010fc        0x4 Output/Debug/Obj/blinky_FreeRTOS_d52/tasks.o
 .bss.uxSchedulerSuspended
                0x0000000020001100        0x4 Output/Debug/Obj/blinky_FreeRTOS_d52/tasks.o
 .bss.xActiveTimerList1
                0x0000000020001104       0x14 Output/Debug/Obj/blinky_FreeRTOS_d52/timers.o
 .bss.xActiveTimerList2
                0x0000000020001118       0x14 Output/Debug/Obj/blinky_FreeRTOS_d52/timers.o
 .bss.pxCurrentTimerList
                0x000000002000112c        0x4 Output/Debug/Obj/blinky_FreeRTOS_d52/timers.o
 .bss.pxOverflowTimerList
                0x0000000020001130        0x4 Output/Debug/Obj/blinky_FreeRTOS_d52/timers.o
 .bss.xTimerQueue
                0x0000000020001134        0x4 Output/Debug/Obj/blinky_FreeRTOS_d52/timers.o
 .bss.xTimerTaskHandle
                0x0000000020001138        0x4 Output/Debug/Obj/blinky_FreeRTOS_d52/timers.o
 .bss.xLastTime.0
                0x000000002000113c        0x4 Output/Debug/Obj/blinky_FreeRTOS_d52/timers.o
 .bss.m_error_data.0
                0x0000000020001140       0x20 Output/Debug/Obj/blinky_FreeRTOS_d52/app_error.o
 .bss.m_in_critical_region
                0x0000000020001160        0x4 Output/Debug/Obj/blinky_FreeRTOS_d52/app_util_platform.o
 .bss.m_clock_cb
                0x0000000020001164       0x14 Output/Debug/Obj/blinky_FreeRTOS_d52/nrf_drv_clock.o
 .bss.m_clock_cb
                0x0000000020001178        0x8 Output/Debug/Obj/blinky_FreeRTOS_d52/nrfx_clock.o
 .bss.m_cb      0x0000000020001180       0x5c Output/Debug/Obj/blinky_FreeRTOS_d52/nrfx_gpiote.o
 .bss.led_toggle_task_handle
                0x00000000200011dc        0x4 Output/Debug/Obj/blinky_FreeRTOS_d52/main.o
                0x00000000200011dc                led_toggle_task_handle
 .bss.led_toggle_timer_handle
                0x00000000200011e0        0x4 Output/Debug/Obj/blinky_FreeRTOS_d52/main.o
                0x00000000200011e0                led_toggle_timer_handle
 .bss.libc.__SEGGER_RTL_heap_globals.0
                0x00000000200011e4        0x4 C:/Program Files/SEGGER/SEGGER Embedded Studio for ARM 7.32/lib/heapops_basic_v7em_fpv4_sp_d16_hard_t_le_eabi_balanced.a(heapops_basic.o)
 *(COMMON)
                0x00000000200011e8                __bss_end__ = (__bss_start__ + SIZEOF (.bss))
                0x00000000000011e4                __bss_size__ = SIZEOF (.bss)
                0x00000000200011e8                __bss_load_end__ = __bss_end__
                0x0000000000000001                . = ASSERT (((__bss_start__ == __bss_end__) || ((__bss_end__ - __RAM1_segment_start__) <= __RAM1_segment_size__)), error: .bss is too large to fit in RAM1 memory segment)
                0x00000000200011e8                __tbss_load_start__ = ALIGN (__bss_end__, 0x4)

.tbss           0x00000000200011e8        0x0
                0x00000000200011e8                __tbss_start__ = .
 *(.tbss .tbss.*)
                0x00000000200011e8                __tbss_end__ = (__tbss_start__ + SIZEOF (.tbss))
                0x0000000000000000                __tbss_size__ = SIZEOF (.tbss)
                0x00000000200011e8                __tbss_load_end__ = __tbss_end__
                0x0000000000000001                . = ASSERT (((__tbss_start__ == __tbss_end__) || ((__tbss_end__ - __RAM1_segment_start__) <= __RAM1_segment_size__)), error: .tbss is too large to fit in RAM1 memory segment)
                0x00000000200011e8                __non_init_load_start__ = ALIGN (__tbss_end__, 0x4)

.non_init       0x00000000200011e8        0x0
                0x00000000200011e8                __non_init_start__ = .
 *(.non_init .non_init.*)
                0x00000000200011e8                __non_init_end__ = (__non_init_start__ + SIZEOF (.non_init))
                0x0000000000000000                __non_init_size__ = SIZEOF (.non_init)
                0x00000000200011e8                __non_init_load_end__ = __non_init_end__
                0x0000000000000001                . = ASSERT (((__non_init_start__ == __non_init_end__) || ((__non_init_end__ - __RAM1_segment_start__) <= __RAM1_segment_size__)), error: .non_init is too large to fit in RAM1 memory segment)
                0x00000000200011e8                __heap_load_start__ = ALIGN (__non_init_end__, 0x4)

.heap           0x00000000200011e8     0x2000
                0x00000000200011e8                __heap_start__ = .
 *(.heap .heap.*)
                0x00000000200031e8                . = ALIGN (MAX ((__heap_start__ + __HEAPSIZE__), .), 0x4)
 *fill*         0x00000000200011e8     0x2000 
                0x00000000200031e8                __heap_end__ = (__heap_start__ + SIZEOF (.heap))
                0x0000000000002000                __heap_size__ = SIZEOF (.heap)
                0x00000000200031e8                __heap_load_end__ = __heap_end__
                0x0000000000000001                . = ASSERT (((__heap_start__ == __heap_end__) || ((__heap_end__ - __RAM1_segment_start__) <= __RAM1_segment_size__)), error: .heap is too large to fit in RAM1 memory segment)
                0x0000000000000001                . = ASSERT ((__HEAPSIZE__ == ALIGN (__HEAPSIZE__, 0x4)), error: .heap section size does not match alignment)
                0x0000000000000001                . = ASSERT ((__heap_size__ <= __HEAPSIZE__), error: .heap section is larger than specified size)
                0x000000002000e000                __stack_load_start__ = (__RAM1_segment_start__ + (__RAM1_segment_size__ - 0x2000))

.stack          0x000000002000e000     0x2000
                0x000000002000e000                __stack_start__ = .
                0x000000002000e000                __StackLimit = __stack_start__
 *(.stack .stack.*)
                0x0000000020010000                . = ALIGN (MAX ((__stack_start__ + __STACKSIZE__), .), 0x8)
 *fill*         0x000000002000e000     0x2000 
                0x0000000020010000                __stack_end__ = (__stack_start__ + SIZEOF (.stack))
                0x0000000000002000                __stack_size__ = SIZEOF (.stack)
                0x0000000020010000                __StackTop = __stack_end__
                0x0000000020010000                __stack_load_end__ = __stack_end__
                0x0000000000000001                . = ASSERT (((__stack_start__ == __stack_end__) || ((__stack_end__ - __RAM1_segment_start__) <= __RAM1_segment_size__)), error: .stack is too large to fit in RAM1 memory segment)
                0x0000000000000001                . = ASSERT ((__heap_end__ <= __stack_start__), error: section .heap overlaps absolute placed section .stack)
                0x0000000000000001                . = ASSERT ((__STACKSIZE__ == ALIGN (__STACKSIZE__, 0x8)), error: .stack section size does not match alignment)
                0x0000000000000001                . = ASSERT ((__stack_size__ <= __STACKSIZE__), error: .stack section is larger than specified size)
                0x0000000020010000                __stack_process_load_start__ = ALIGN (__stack_end__, 0x8)

.stack_process  0x0000000020010000        0x0
                0x0000000020010000                __stack_process_start__ = .
 *(.stack_process .stack_process.*)
                0x0000000020010000                . = ALIGN (MAX ((__stack_process_start__ + __STACKSIZE_PROCESS__), .), 0x8)
                0x0000000020010000                __stack_process_end__ = (__stack_process_start__ + SIZEOF (.stack_process))
                0x0000000000000000                __stack_process_size__ = SIZEOF (.stack_process)
                0x0000000020010000                __stack_process_load_end__ = __stack_process_end__
                0x0000000020010000                __RAM1_segment_used_end__ = (ALIGN (__stack_end__, 0x8) + SIZEOF (.stack_process))
                0x0000000000010000                __RAM1_segment_used_size__ = (__RAM1_segment_used_end__ - __RAM1_segment_start__)
                0x0000000000000001                . = ASSERT (((__stack_process_start__ == __stack_process_end__) || ((__stack_process_end__ - __RAM1_segment_start__) <= __RAM1_segment_size__)), error: .stack_process is too large to fit in RAM1 memory segment)
                0x0000000000000001                . = ASSERT ((__STACKSIZE_PROCESS__ == ALIGN (__STACKSIZE_PROCESS__, 0x8)), error: .stack_process section size does not match alignment)
                0x0000000000000001                . = ASSERT ((__stack_process_size__ <= __STACKSIZE_PROCESS__), error: .stack_process section is larger than specified size)
START GROUP
LOAD Output/Debug/Obj/blinky_FreeRTOS_d52/thumb_crt0.o
LOAD Output/Debug/Obj/blinky_FreeRTOS_d52/nrf_log_frontend.o
LOAD Output/Debug/Obj/blinky_FreeRTOS_d52/nrf_log_str_formatter.o
LOAD Output/Debug/Obj/blinky_FreeRTOS_d52/boards.o
LOAD Output/Debug/Obj/blinky_FreeRTOS_d52/croutine.o
LOAD Output/Debug/Obj/blinky_FreeRTOS_d52/event_groups.o
LOAD Output/Debug/Obj/blinky_FreeRTOS_d52/heap_1.o
LOAD Output/Debug/Obj/blinky_FreeRTOS_d52/list.o
LOAD Output/Debug/Obj/blinky_FreeRTOS_d52/port.o
LOAD Output/Debug/Obj/blinky_FreeRTOS_d52/port_cmsis.o
LOAD Output/Debug/Obj/blinky_FreeRTOS_d52/port_cmsis_systick.o
LOAD Output/Debug/Obj/blinky_FreeRTOS_d52/queue.o
LOAD Output/Debug/Obj/blinky_FreeRTOS_d52/stream_buffer.o
LOAD Output/Debug/Obj/blinky_FreeRTOS_d52/tasks.o
LOAD Output/Debug/Obj/blinky_FreeRTOS_d52/timers.o
LOAD Output/Debug/Obj/blinky_FreeRTOS_d52/app_button.o
LOAD Output/Debug/Obj/blinky_FreeRTOS_d52/app_error.o
LOAD Output/Debug/Obj/blinky_FreeRTOS_d52/app_error_handler_gcc.o
LOAD Output/Debug/Obj/blinky_FreeRTOS_d52/app_error_weak.o
LOAD Output/Debug/Obj/blinky_FreeRTOS_d52/app_timer_freertos.o
LOAD Output/Debug/Obj/blinky_FreeRTOS_d52/app_util_platform.o
LOAD Output/Debug/Obj/blinky_FreeRTOS_d52/nrf_assert.o
LOAD Output/Debug/Obj/blinky_FreeRTOS_d52/nrf_atomic.o
LOAD Output/Debug/Obj/blinky_FreeRTOS_d52/nrf_balloc.o
LOAD Output/Debug/Obj/blinky_FreeRTOS_d52/nrf_fprintf.o
LOAD Output/Debug/Obj/blinky_FreeRTOS_d52/nrf_fprintf_format.o
LOAD Output/Debug/Obj/blinky_FreeRTOS_d52/nrf_memobj.o
LOAD Output/Debug/Obj/blinky_FreeRTOS_d52/nrf_ringbuf.o
LOAD Output/Debug/Obj/blinky_FreeRTOS_d52/nrf_strerror.o
LOAD Output/Debug/Obj/blinky_FreeRTOS_d52/nrf_drv_clock.o
LOAD Output/Debug/Obj/blinky_FreeRTOS_d52/nrf_nvic.o
LOAD Output/Debug/Obj/blinky_FreeRTOS_d52/nrf_soc.o
LOAD Output/Debug/Obj/blinky_FreeRTOS_d52/nrfx_atomic.o
LOAD Output/Debug/Obj/blinky_FreeRTOS_d52/nrfx_clock.o
LOAD Output/Debug/Obj/blinky_FreeRTOS_d52/nrfx_gpiote.o
LOAD Output/Debug/Obj/blinky_FreeRTOS_d52/bsp.o
LOAD Output/Debug/Obj/blinky_FreeRTOS_d52/main.o
LOAD Output/Debug/Obj/blinky_FreeRTOS_d52/ses_startup_nrf52.o
LOAD Output/Debug/Obj/blinky_FreeRTOS_d52/ses_startup_nrf_common.o
LOAD Output/Debug/Obj/blinky_FreeRTOS_d52/system_nrf52.o
LOAD C:/Program Files/SEGGER/SEGGER Embedded Studio for ARM 7.32/lib/libc_v7em_fpv4_sp_d16_hard_t_le_eabi_balanced.a
LOAD C:/Program Files/SEGGER/SEGGER Embedded Studio for ARM 7.32/lib/heapops_basic_v7em_fpv4_sp_d16_hard_t_le_eabi_balanced.a
LOAD C:/Program Files/SEGGER/SEGGER Embedded Studio for ARM 7.32/lib/heapops_disable_interrupts_locking_v7em_fpv4_sp_d16_hard_t_le_eabi_balanced.a
LOAD C:/Program Files/SEGGER/SEGGER Embedded Studio for ARM 7.32/lib/strops_unaligned_v7em_fpv4_sp_d16_hard_t_le_eabi_balanced.a
END GROUP
OUTPUT(C:/Users/Tyler/Documents/Code/RepXcel/nrf52832-embedded-application/nRF5_SDK_17.1.0_ddde560/examples/peripheral/blinky_freertos/d52/blank/ses/Output/Debug/Exe/blinky_FreeRTOS_d52.elf elf32-littlearm)
LOAD linker stubs

.ARM.attributes
                0x0000000000000000       0x36
 .ARM.attributes
                0x0000000000000000       0x20 Output/Debug/Obj/blinky_FreeRTOS_d52/thumb_crt0.o
 .ARM.attributes
                0x0000000000000020       0x36 Output/Debug/Obj/blinky_FreeRTOS_d52/boards.o
 .ARM.attributes
                0x0000000000000056       0x36 Output/Debug/Obj/blinky_FreeRTOS_d52/heap_1.o
 .ARM.attributes
                0x000000000000008c       0x36 Output/Debug/Obj/blinky_FreeRTOS_d52/list.o
 .ARM.attributes
                0x00000000000000c2       0x36 Output/Debug/Obj/blinky_FreeRTOS_d52/port.o
 .ARM.attributes
                0x00000000000000f8       0x36 Output/Debug/Obj/blinky_FreeRTOS_d52/port_cmsis.o
 .ARM.attributes
                0x000000000000012e       0x36 Output/Debug/Obj/blinky_FreeRTOS_d52/port_cmsis_systick.o
 .ARM.attributes
                0x0000000000000164       0x36 Output/Debug/Obj/blinky_FreeRTOS_d52/queue.o
 .ARM.attributes
                0x000000000000019a       0x36 Output/Debug/Obj/blinky_FreeRTOS_d52/tasks.o
 .ARM.attributes
                0x00000000000001d0       0x36 Output/Debug/Obj/blinky_FreeRTOS_d52/timers.o
 .ARM.attributes
                0x0000000000000206       0x36 Output/Debug/Obj/blinky_FreeRTOS_d52/app_error.o
 .ARM.attributes
                0x000000000000023c       0x36 Output/Debug/Obj/blinky_FreeRTOS_d52/app_error_handler_gcc.o
 .ARM.attributes
                0x0000000000000272       0x36 Output/Debug/Obj/blinky_FreeRTOS_d52/app_error_weak.o
 .ARM.attributes
                0x00000000000002a8       0x36 Output/Debug/Obj/blinky_FreeRTOS_d52/app_util_platform.o
 .ARM.attributes
                0x00000000000002de       0x36 Output/Debug/Obj/blinky_FreeRTOS_d52/nrf_assert.o
 .ARM.attributes
                0x0000000000000314       0x36 Output/Debug/Obj/blinky_FreeRTOS_d52/nrf_drv_clock.o
 .ARM.attributes
                0x000000000000034a       0x36 Output/Debug/Obj/blinky_FreeRTOS_d52/nrfx_clock.o
 .ARM.attributes
                0x0000000000000380       0x36 Output/Debug/Obj/blinky_FreeRTOS_d52/nrfx_gpiote.o
 .ARM.attributes
                0x00000000000003b6       0x36 Output/Debug/Obj/blinky_FreeRTOS_d52/main.o
 .ARM.attributes
                0x00000000000003ec       0x20 Output/Debug/Obj/blinky_FreeRTOS_d52/ses_startup_nrf52.o
 .ARM.attributes
                0x000000000000040c       0x20 Output/Debug/Obj/blinky_FreeRTOS_d52/ses_startup_nrf_common.o
 .ARM.attributes
                0x000000000000042c       0x36 Output/Debug/Obj/blinky_FreeRTOS_d52/system_nrf52.o
 .ARM.attributes
                0x0000000000000462       0x3e C:/Program Files/SEGGER/SEGGER Embedded Studio for ARM 7.32/lib/heapops_basic_v7em_fpv4_sp_d16_hard_t_le_eabi_balanced.a(heapops_basic.o)
 .ARM.attributes
                0x00000000000004a0       0x20 C:/Program Files/SEGGER/SEGGER Embedded Studio for ARM 7.32/lib/strops_unaligned_v7em_fpv4_sp_d16_hard_t_le_eabi_balanced.a(strasmops_arm.o)

.comment        0x0000000000000000       0x74
 .comment       0x0000000000000000       0x3d Output/Debug/Obj/blinky_FreeRTOS_d52/boards.o
                                         0x3e (size before relaxing)
 .comment       0x000000000000003d       0x3e Output/Debug/Obj/blinky_FreeRTOS_d52/heap_1.o
 .comment       0x000000000000003d       0x3e Output/Debug/Obj/blinky_FreeRTOS_d52/list.o
 .comment       0x000000000000003d       0x3e Output/Debug/Obj/blinky_FreeRTOS_d52/port.o
 .comment       0x000000000000003d       0x3e Output/Debug/Obj/blinky_FreeRTOS_d52/port_cmsis.o
 .comment       0x000000000000003d       0x3e Output/Debug/Obj/blinky_FreeRTOS_d52/port_cmsis_systick.o
 .comment       0x000000000000003d       0x3e Output/Debug/Obj/blinky_FreeRTOS_d52/queue.o
 .comment       0x000000000000003d       0x3e Output/Debug/Obj/blinky_FreeRTOS_d52/tasks.o
 .comment       0x000000000000003d       0x3e Output/Debug/Obj/blinky_FreeRTOS_d52/timers.o
 .comment       0x000000000000003d       0x3e Output/Debug/Obj/blinky_FreeRTOS_d52/app_error.o
 .comment       0x000000000000003d       0x3e Output/Debug/Obj/blinky_FreeRTOS_d52/app_error_handler_gcc.o
 .comment       0x000000000000003d       0x3e Output/Debug/Obj/blinky_FreeRTOS_d52/app_error_weak.o
 .comment       0x000000000000003d       0x3e Output/Debug/Obj/blinky_FreeRTOS_d52/app_util_platform.o
 .comment       0x000000000000003d       0x3e Output/Debug/Obj/blinky_FreeRTOS_d52/nrf_assert.o
 .comment       0x000000000000003d       0x3e Output/Debug/Obj/blinky_FreeRTOS_d52/nrf_drv_clock.o
 .comment       0x000000000000003d       0x3e Output/Debug/Obj/blinky_FreeRTOS_d52/nrfx_clock.o
 .comment       0x000000000000003d       0x3e Output/Debug/Obj/blinky_FreeRTOS_d52/nrfx_gpiote.o
 .comment       0x000000000000003d       0x3e Output/Debug/Obj/blinky_FreeRTOS_d52/main.o
 .comment       0x000000000000003d       0x3e Output/Debug/Obj/blinky_FreeRTOS_d52/system_nrf52.o
 .comment       0x000000000000003d       0x37 C:/Program Files/SEGGER/SEGGER Embedded Studio for ARM 7.32/lib/heapops_basic_v7em_fpv4_sp_d16_hard_t_le_eabi_balanced.a(heapops_basic.o)
                                         0x38 (size before relaxing)

.stack_sizes    0x0000000000000000        0x5
 .stack_sizes   0x0000000000000000        0x5 C:/Program Files/SEGGER/SEGGER Embedded Studio for ARM 7.32/lib/heapops_basic_v7em_fpv4_sp_d16_hard_t_le_eabi_balanced.a(heapops_basic.o)

.note.GNU-stack
                0x0000000000000000        0x0
 .note.GNU-stack
                0x0000000000000000        0x0 C:/Program Files/SEGGER/SEGGER Embedded Studio for ARM 7.32/lib/heapops_basic_v7em_fpv4_sp_d16_hard_t_le_eabi_balanced.a(heapops_basic.o)

.debug_line     0x0000000000000000     0xf30a
 .debug_line    0x0000000000000000      0x19b Output/Debug/Obj/blinky_FreeRTOS_d52/thumb_crt0.o
 .debug_line    0x000000000000019b      0xa20 Output/Debug/Obj/blinky_FreeRTOS_d52/boards.o
 .debug_line    0x0000000000000bbb      0x5b1 Output/Debug/Obj/blinky_FreeRTOS_d52/heap_1.o
 .debug_line    0x000000000000116c      0x5fa Output/Debug/Obj/blinky_FreeRTOS_d52/list.o
 .debug_line    0x0000000000001766      0x53c Output/Debug/Obj/blinky_FreeRTOS_d52/port.o
 .debug_line    0x0000000000001ca2      0x736 Output/Debug/Obj/blinky_FreeRTOS_d52/port_cmsis.o
 .debug_line    0x00000000000023d8      0xa76 Output/Debug/Obj/blinky_FreeRTOS_d52/port_cmsis_systick.o
 .debug_line    0x0000000000002e4e     0x11f7 Output/Debug/Obj/blinky_FreeRTOS_d52/queue.o
 .debug_line    0x0000000000004045     0x18a6 Output/Debug/Obj/blinky_FreeRTOS_d52/tasks.o
 .debug_line    0x00000000000058eb      0xa1b Output/Debug/Obj/blinky_FreeRTOS_d52/timers.o
 .debug_line    0x0000000000006306      0x3ca Output/Debug/Obj/blinky_FreeRTOS_d52/app_error.o
 .debug_line    0x00000000000066d0      0x3c4 Output/Debug/Obj/blinky_FreeRTOS_d52/app_error_handler_gcc.o
 .debug_line    0x0000000000006a94      0x5e1 Output/Debug/Obj/blinky_FreeRTOS_d52/app_error_weak.o
 .debug_line    0x0000000000007075      0x498 Output/Debug/Obj/blinky_FreeRTOS_d52/app_util_platform.o
 .debug_line    0x000000000000750d      0x34e Output/Debug/Obj/blinky_FreeRTOS_d52/nrf_assert.o
 .debug_line    0x000000000000785b      0xb1f Output/Debug/Obj/blinky_FreeRTOS_d52/nrf_drv_clock.o
 .debug_line    0x000000000000837a      0xbd0 Output/Debug/Obj/blinky_FreeRTOS_d52/nrfx_clock.o
 .debug_line    0x0000000000008f4a     0x183c Output/Debug/Obj/blinky_FreeRTOS_d52/nrfx_gpiote.o
 .debug_line    0x000000000000a786      0x888 Output/Debug/Obj/blinky_FreeRTOS_d52/main.o
 .debug_line    0x000000000000b00e       0xbf Output/Debug/Obj/blinky_FreeRTOS_d52/ses_startup_nrf52.o
 .debug_line    0x000000000000b0cd       0xe1 Output/Debug/Obj/blinky_FreeRTOS_d52/ses_startup_nrf_common.o
 .debug_line    0x000000000000b1ae     0x415c Output/Debug/Obj/blinky_FreeRTOS_d52/system_nrf52.o

.debug_info     0x0000000000000000     0xfa59
 .debug_info    0x0000000000000000       0x22 Output/Debug/Obj/blinky_FreeRTOS_d52/thumb_crt0.o
 .debug_info    0x0000000000000022      0x92f Output/Debug/Obj/blinky_FreeRTOS_d52/boards.o
 .debug_info    0x0000000000000951      0x1bf Output/Debug/Obj/blinky_FreeRTOS_d52/heap_1.o
 .debug_info    0x0000000000000b10      0x2b9 Output/Debug/Obj/blinky_FreeRTOS_d52/list.o
 .debug_info    0x0000000000000dc9       0xad Output/Debug/Obj/blinky_FreeRTOS_d52/port.o
 .debug_info    0x0000000000000e76      0x9a7 Output/Debug/Obj/blinky_FreeRTOS_d52/port_cmsis.o
 .debug_info    0x000000000000181d      0xd27 Output/Debug/Obj/blinky_FreeRTOS_d52/port_cmsis_systick.o
 .debug_info    0x0000000000002544     0x15bb Output/Debug/Obj/blinky_FreeRTOS_d52/queue.o
 .debug_info    0x0000000000003aff     0x1cf4 Output/Debug/Obj/blinky_FreeRTOS_d52/tasks.o
 .debug_info    0x00000000000057f3      0xf73 Output/Debug/Obj/blinky_FreeRTOS_d52/timers.o
 .debug_info    0x0000000000006766      0x289 Output/Debug/Obj/blinky_FreeRTOS_d52/app_error.o
 .debug_info    0x00000000000069ef      0x101 Output/Debug/Obj/blinky_FreeRTOS_d52/app_error_handler_gcc.o
 .debug_info    0x0000000000006af0      0x255 Output/Debug/Obj/blinky_FreeRTOS_d52/app_error_weak.o
 .debug_info    0x0000000000006d45      0x74f Output/Debug/Obj/blinky_FreeRTOS_d52/app_util_platform.o
 .debug_info    0x0000000000007494      0x135 Output/Debug/Obj/blinky_FreeRTOS_d52/nrf_assert.o
 .debug_info    0x00000000000075c9      0xab8 Output/Debug/Obj/blinky_FreeRTOS_d52/nrf_drv_clock.o
 .debug_info    0x0000000000008081      0xfe1 Output/Debug/Obj/blinky_FreeRTOS_d52/nrfx_clock.o
 .debug_info    0x0000000000009062     0x2197 Output/Debug/Obj/blinky_FreeRTOS_d52/nrfx_gpiote.o
 .debug_info    0x000000000000b1f9      0x4da Output/Debug/Obj/blinky_FreeRTOS_d52/main.o
 .debug_info    0x000000000000b6d3       0x23 Output/Debug/Obj/blinky_FreeRTOS_d52/ses_startup_nrf52.o
 .debug_info    0x000000000000b6f6       0x23 Output/Debug/Obj/blinky_FreeRTOS_d52/ses_startup_nrf_common.o
 .debug_info    0x000000000000b719     0x4340 Output/Debug/Obj/blinky_FreeRTOS_d52/system_nrf52.o

.debug_abbrev   0x0000000000000000     0x2b9f
 .debug_abbrev  0x0000000000000000       0x12 Output/Debug/Obj/blinky_FreeRTOS_d52/thumb_crt0.o
 .debug_abbrev  0x0000000000000012      0x269 Output/Debug/Obj/blinky_FreeRTOS_d52/boards.o
 .debug_abbrev  0x000000000000027b      0x15c Output/Debug/Obj/blinky_FreeRTOS_d52/heap_1.o
 .debug_abbrev  0x00000000000003d7      0x104 Output/Debug/Obj/blinky_FreeRTOS_d52/list.o
 .debug_abbrev  0x00000000000004db       0x4a Output/Debug/Obj/blinky_FreeRTOS_d52/port.o
 .debug_abbrev  0x0000000000000525      0x32f Output/Debug/Obj/blinky_FreeRTOS_d52/port_cmsis.o
 .debug_abbrev  0x0000000000000854      0x34c Output/Debug/Obj/blinky_FreeRTOS_d52/port_cmsis_systick.o
 .debug_abbrev  0x0000000000000ba0      0x3c8 Output/Debug/Obj/blinky_FreeRTOS_d52/queue.o
 .debug_abbrev  0x0000000000000f68      0x41e Output/Debug/Obj/blinky_FreeRTOS_d52/tasks.o
 .debug_abbrev  0x0000000000001386      0x2e4 Output/Debug/Obj/blinky_FreeRTOS_d52/timers.o
 .debug_abbrev  0x000000000000166a      0x13f Output/Debug/Obj/blinky_FreeRTOS_d52/app_error.o
 .debug_abbrev  0x00000000000017a9       0xa5 Output/Debug/Obj/blinky_FreeRTOS_d52/app_error_handler_gcc.o
 .debug_abbrev  0x000000000000184e      0x159 Output/Debug/Obj/blinky_FreeRTOS_d52/app_error_weak.o
 .debug_abbrev  0x00000000000019a7      0x275 Output/Debug/Obj/blinky_FreeRTOS_d52/app_util_platform.o
 .debug_abbrev  0x0000000000001c1c       0xd6 Output/Debug/Obj/blinky_FreeRTOS_d52/nrf_assert.o
 .debug_abbrev  0x0000000000001cf2      0x354 Output/Debug/Obj/blinky_FreeRTOS_d52/nrf_drv_clock.o
 .debug_abbrev  0x0000000000002046      0x336 Output/Debug/Obj/blinky_FreeRTOS_d52/nrfx_clock.o
 .debug_abbrev  0x000000000000237c      0x39a Output/Debug/Obj/blinky_FreeRTOS_d52/nrfx_gpiote.o
 .debug_abbrev  0x0000000000002716      0x1e2 Output/Debug/Obj/blinky_FreeRTOS_d52/main.o
 .debug_abbrev  0x00000000000028f8       0x14 Output/Debug/Obj/blinky_FreeRTOS_d52/ses_startup_nrf52.o
 .debug_abbrev  0x000000000000290c       0x14 Output/Debug/Obj/blinky_FreeRTOS_d52/ses_startup_nrf_common.o
 .debug_abbrev  0x0000000000002920      0x27f Output/Debug/Obj/blinky_FreeRTOS_d52/system_nrf52.o

.debug_aranges  0x0000000000000000     0x1920
 .debug_aranges
                0x0000000000000000       0x58 Output/Debug/Obj/blinky_FreeRTOS_d52/thumb_crt0.o
 .debug_aranges
                0x0000000000000058      0x100 Output/Debug/Obj/blinky_FreeRTOS_d52/boards.o
 .debug_aranges
                0x0000000000000158       0x38 Output/Debug/Obj/blinky_FreeRTOS_d52/heap_1.o
 .debug_aranges
                0x0000000000000190       0x40 Output/Debug/Obj/blinky_FreeRTOS_d52/list.o
 .debug_aranges
                0x00000000000001d0       0x30 Output/Debug/Obj/blinky_FreeRTOS_d52/port.o
 .debug_aranges
                0x0000000000000200       0x68 Output/Debug/Obj/blinky_FreeRTOS_d52/port_cmsis.o
 .debug_aranges
                0x0000000000000268       0x90 Output/Debug/Obj/blinky_FreeRTOS_d52/port_cmsis_systick.o
 .debug_aranges
                0x00000000000002f8      0x120 Output/Debug/Obj/blinky_FreeRTOS_d52/queue.o
 .debug_aranges
                0x0000000000000418      0x1f0 Output/Debug/Obj/blinky_FreeRTOS_d52/tasks.o
 .debug_aranges
                0x0000000000000608       0xc8 Output/Debug/Obj/blinky_FreeRTOS_d52/timers.o
 .debug_aranges
                0x00000000000006d0       0x28 Output/Debug/Obj/blinky_FreeRTOS_d52/app_error.o
 .debug_aranges
                0x00000000000006f8       0x20 Output/Debug/Obj/blinky_FreeRTOS_d52/app_error_handler_gcc.o
 .debug_aranges
                0x0000000000000718       0x20 Output/Debug/Obj/blinky_FreeRTOS_d52/app_error_weak.o
 .debug_aranges
                0x0000000000000738       0x50 Output/Debug/Obj/blinky_FreeRTOS_d52/app_util_platform.o
 .debug_aranges